// Jest Snapshot v1, https://goo.gl/fbAQLP

exports[`PraisalManager.addCubes() should add DecorativePack "CubeBlocks.sbc" 1`] = `18`;

exports[`PraisalManager.addCubes() should add DecorativePack "CubeBlocks.sbc" 2`] = `
Array [
  "Cockpit/LargeBlockDesk",
  "Cockpit/LargeBlockDeskCorner",
  "CubeBlock/LargeBlockDeskChairless",
  "CubeBlock/LargeBlockDeskChairlessCorner",
  "Kitchen/LargeBlockKitchen",
  "CryoChamber/LargeBlockBed",
  "CargoContainer/LargeBlockLockerRoom",
  "CargoContainer/LargeBlockLockerRoomCorner",
  "Planter/LargeBlockPlanters",
  "Cockpit/LargeBlockCouch",
  "Cockpit/LargeBlockCouchCorner",
  "CargoContainer/LargeBlockLockers",
  "Cockpit/LargeBlockBathroomOpen",
  "Cockpit/LargeBlockBathroom",
  "Cockpit/LargeBlockToilet",
  "Projector/LargeBlockConsole",
  "Cockpit/SmallBlockCockpitIndustrial",
  "Cockpit/LargeBlockCockpitIndustrial",
]
`;

exports[`PraisalManager.addCubes() should add DecorativePack2 "CubeBlocks.sbc" 1`] = `31`;

exports[`PraisalManager.addCubes() should add DecorativePack2 "CubeBlocks.sbc" 2`] = `
Array [
  "VendingMachine/FoodDispenser",
  "Jukebox/Jukebox",
  "LCDPanelsBlock/LabEquipment",
  "CubeBlock/Shower",
  "CubeBlock/WindowWall",
  "CubeBlock/WindowWallLeft",
  "CubeBlock/WindowWallRight",
  "LCDPanelsBlock/MedicalStation",
  "TextPanel/TransparentLCDLarge",
  "TextPanel/TransparentLCDSmall",
  "CubeBlock/Catwalk",
  "CubeBlock/CatwalkCorner",
  "CubeBlock/CatwalkStraight",
  "CubeBlock/CatwalkWall",
  "CubeBlock/CatwalkRailingEnd",
  "CubeBlock/CatwalkRailingHalfRight",
  "CubeBlock/CatwalkRailingHalfLeft",
  "CubeBlock/GratedStairs",
  "CubeBlock/GratedHalfStairs",
  "CubeBlock/GratedHalfStairsMirrored",
  "CubeBlock/RailingStraight",
  "CubeBlock/RailingDouble",
  "CubeBlock/RailingCorner",
  "CubeBlock/RailingDiagonal",
  "CubeBlock/RailingHalfRight",
  "CubeBlock/RailingHalfLeft",
  "ReflectorLight/RotatingLightLarge",
  "ReflectorLight/RotatingLightSmall",
  "CubeBlock/Freight1",
  "CubeBlock/Freight2",
  "CubeBlock/Freight3",
]
`;

exports[`PraisalManager.addCubes() should add Economy "CubeBlocks.sbc" 1`] = `5`;

exports[`PraisalManager.addCubes() should add Economy "CubeBlocks.sbc" 2`] = `
Array [
  "StoreBlock/StoreBlock",
  "SafeZoneBlock/SafeZoneBlock",
  "ContractBlock/ContractBlock",
  "VendingMachine/VendingMachine",
  "StoreBlock/AtmBlock",
]
`;

exports[`PraisalManager.addCubes() should add Frostbite "CubeBlocks.sbc" 1`] = `9`;

exports[`PraisalManager.addCubes() should add Frostbite "CubeBlocks.sbc" 2`] = `
Array [
  "RadioAntenna/LargeBlockRadioAntennaDish",
  "Door/LargeBlockGate",
  "Door/LargeBlockOffsetDoor",
  "CubeBlock/DeadBody01",
  "CubeBlock/DeadBody02",
  "CubeBlock/DeadBody03",
  "CubeBlock/DeadBody04",
  "CubeBlock/DeadBody05",
  "CubeBlock/DeadBody06",
]
`;

exports[`PraisalManager.addCubes() should add IndustrialPack "CubeBlocks.sbc" 1`] = `41`;

exports[`PraisalManager.addCubes() should add IndustrialPack "CubeBlocks.sbc" 2`] = `
Array [
  "LandingGear/LargeBlockMagneticPlate",
  "LandingGear/SmallBlockMagneticPlate",
  "CargoContainer/LargeBlockLargeIndustrialContainer",
  "ButtonPanel/VerticalButtonPanelLarge",
  "ButtonPanel/VerticalButtonPanelSmall",
  "ConveyorConnector/LargeBlockConveyorPipeSeamless",
  "ConveyorConnector/LargeBlockConveyorPipeCorner",
  "Conveyor/LargeBlockConveyorPipeJunction",
  "Conveyor/LargeBlockConveyorPipeIntersection",
  "ConveyorConnector/LargeBlockConveyorPipeFlange",
  "ConveyorConnector/LargeBlockConveyorPipeEnd",
  "OxygenTank/LargeHydrogenTankIndustrial",
  "Assembler/LargeAssemblerIndustrial",
  "Refinery/LargeRefineryIndustrial",
  "CubeBlock/LargeBlockCylindricalColumn",
  "CubeBlock/SmallBlockCylindricalColumn",
  "ConveyorSorter/LargeBlockConveyorSorterIndustrial",
  "CubeBlock/LargeGridBeamBlock",
  "CubeBlock/LargeGridBeamBlockSlope",
  "CubeBlock/LargeGridBeamBlockRound",
  "CubeBlock/LargeGridBeamBlockSlope2x1Base",
  "CubeBlock/LargeGridBeamBlockSlope2x1Tip",
  "CubeBlock/LargeGridBeamBlockHalf",
  "CubeBlock/LargeGridBeamBlockHalfSlope",
  "CubeBlock/LargeGridBeamBlockEnd",
  "CubeBlock/LargeGridBeamBlockJunction",
  "CubeBlock/LargeGridBeamBlockTJunction",
  "CubeBlock/SmallGridBeamBlock",
  "CubeBlock/SmallGridBeamBlockSlope",
  "CubeBlock/SmallGridBeamBlockRound",
  "CubeBlock/SmallGridBeamBlockSlope2x1Base",
  "CubeBlock/SmallGridBeamBlockSlope2x1Tip",
  "CubeBlock/SmallGridBeamBlockHalf",
  "CubeBlock/SmallGridBeamBlockHalfSlope",
  "CubeBlock/SmallGridBeamBlockEnd",
  "CubeBlock/SmallGridBeamBlockJunction",
  "CubeBlock/SmallGridBeamBlockTJunction",
  "Thrust/LargeBlockLargeHydrogenThrustIndustrial",
  "Thrust/LargeBlockSmallHydrogenThrustIndustrial",
  "Thrust/SmallBlockLargeHydrogenThrustIndustrial",
  "Thrust/SmallBlockSmallHydrogenThrustIndustrial",
]
`;

exports[`PraisalManager.addCubes() should add ScrapRacePack "CubeBlocks.sbc" 1`] = `44`;

exports[`PraisalManager.addCubes() should add ScrapRacePack "CubeBlocks.sbc" 2`] = `
Array [
  "ExhaustBlock/SmallExhaustPipe",
  "ExhaustBlock/LargeExhaustPipe",
  "Cockpit/BuggyCockpit",
  "CubeBlock/Viewport1",
  "CubeBlock/Viewport2",
  "MotorSuspension/OffroadSuspension3x3",
  "MotorSuspension/OffroadSuspension5x5",
  "MotorSuspension/OffroadSuspension1x1",
  "MotorSuspension/OffroadSmallSuspension3x3",
  "MotorSuspension/OffroadSmallSuspension5x5",
  "MotorSuspension/OffroadSmallSuspension1x1",
  "MotorSuspension/OffroadSuspension3x3mirrored",
  "MotorSuspension/OffroadSuspension5x5mirrored",
  "MotorSuspension/OffroadSuspension1x1mirrored",
  "MotorSuspension/OffroadSmallSuspension3x3mirrored",
  "MotorSuspension/OffroadSmallSuspension5x5mirrored",
  "MotorSuspension/OffroadSmallSuspension1x1mirrored",
  "Wheel/OffroadSmallRealWheel1x1",
  "Wheel/OffroadSmallRealWheel",
  "Wheel/OffroadSmallRealWheel5x5",
  "Wheel/OffroadRealWheel1x1",
  "Wheel/OffroadRealWheel",
  "Wheel/OffroadRealWheel5x5",
  "Wheel/OffroadSmallRealWheel1x1mirrored",
  "Wheel/OffroadSmallRealWheelmirrored",
  "Wheel/OffroadSmallRealWheel5x5mirrored",
  "Wheel/OffroadRealWheel1x1mirrored",
  "Wheel/OffroadRealWheelmirrored",
  "Wheel/OffroadRealWheel5x5mirrored",
  "Wheel/OffroadWheel1x1",
  "Wheel/OffroadSmallWheel1x1",
  "Wheel/OffroadWheel3x3",
  "Wheel/OffroadSmallWheel3x3",
  "Wheel/OffroadWheel5x5",
  "Wheel/OffroadSmallWheel5x5",
  "InteriorLight/OffsetLight",
  "ReflectorLight/OffsetSpotlight",
  "CubeBlock/BarredWindow",
  "CubeBlock/BarredWindowSlope",
  "CubeBlock/BarredWindowSide",
  "CubeBlock/BarredWindowFace",
  "CubeBlock/StorageShelf1",
  "CubeBlock/StorageShelf2",
  "CubeBlock/StorageShelf3",
]
`;

exports[`PraisalManager.addCubes() should add SparksOfTheFuturePack "CubeBlocks.sbc" 1`] = `27`;

exports[`PraisalManager.addCubes() should add SparksOfTheFuturePack "CubeBlocks.sbc" 2`] = `
Array [
  "TextPanel/LargeLCDPanel5x5",
  "TextPanel/LargeLCDPanel5x3",
  "TextPanel/LargeLCDPanel3x3",
  "CubeBlock/LargeBlockSciFiWall",
  "EmissiveBlock/LargeNeonTubesStraight1",
  "EmissiveBlock/LargeNeonTubesStraight2",
  "EmissiveBlock/LargeNeonTubesCorner",
  "EmissiveBlock/LargeNeonTubesBendUp",
  "EmissiveBlock/LargeNeonTubesBendDown",
  "EmissiveBlock/LargeNeonTubesStraightEnd1",
  "EmissiveBlock/LargeNeonTubesStraightEnd2",
  "EmissiveBlock/LargeNeonTubesStraightDown",
  "EmissiveBlock/LargeNeonTubesU",
  "TerminalBlock/LargeBlockSciFiTerminal",
  "ButtonPanel/LargeSciFiButtonTerminal",
  "Door/SmallSideDoor",
  "CubeBlock/LargeBlockBarCounter",
  "CubeBlock/LargeBlockBarCounterCorner",
  "ButtonPanel/LargeSciFiButtonPanel",
  "Thrust/SmallBlockSmallThrustSciFi",
  "Thrust/SmallBlockLargeThrustSciFi",
  "Thrust/LargeBlockSmallThrustSciFi",
  "Thrust/LargeBlockLargeThrustSciFi",
  "Thrust/LargeBlockLargeAtmosphericThrustSciFi",
  "Thrust/LargeBlockSmallAtmosphericThrustSciFi",
  "Thrust/SmallBlockLargeAtmosphericThrustSciFi",
  "Thrust/SmallBlockSmallAtmosphericThrustSciFi",
]
`;

exports[`PraisalManager.addCubes() should add Vanilla "CubeBlocks.sbc" 1`] = `4`;

exports[`PraisalManager.addCubes() should add Vanilla "CubeBlocks.sbc" 2`] = `
Array [
  "CubeBlock/LargeRailStraight",
  "DebugSphere1/DebugSphereLarge",
  "DebugSphere2/DebugSphereLarge",
  "DebugSphere3/DebugSphereLarge",
]
`;

exports[`PraisalManager.addCubes() should add Vanilla "CubeBlocks_Armor.sbc" 1`] = `63`;

exports[`PraisalManager.addCubes() should add Vanilla "CubeBlocks_Armor.sbc" 2`] = `
Array [
  "CubeBlock/LargeBlockArmorBlock",
  "CubeBlock/LargeBlockArmorSlope",
  "CubeBlock/LargeBlockArmorCorner",
  "CubeBlock/LargeBlockArmorCornerInv",
  "CubeBlock/LargeRoundArmor_Slope",
  "CubeBlock/LargeRoundArmor_Corner",
  "CubeBlock/LargeRoundArmor_CornerInv",
  "CubeBlock/LargeHeavyBlockArmorBlock",
  "CubeBlock/LargeHeavyBlockArmorSlope",
  "CubeBlock/LargeHeavyBlockArmorCorner",
  "CubeBlock/LargeHeavyBlockArmorCornerInv",
  "CubeBlock/SmallBlockArmorBlock",
  "CubeBlock/SmallBlockArmorSlope",
  "CubeBlock/SmallBlockArmorCorner",
  "CubeBlock/SmallBlockArmorCornerInv",
  "CubeBlock/SmallHeavyBlockArmorBlock",
  "CubeBlock/SmallHeavyBlockArmorSlope",
  "CubeBlock/SmallHeavyBlockArmorCorner",
  "CubeBlock/SmallHeavyBlockArmorCornerInv",
  "CubeBlock/LargeHalfArmorBlock",
  "CubeBlock/LargeHeavyHalfArmorBlock",
  "CubeBlock/LargeHalfSlopeArmorBlock",
  "CubeBlock/LargeHeavyHalfSlopeArmorBlock",
  "CubeBlock/HalfArmorBlock",
  "CubeBlock/HeavyHalfArmorBlock",
  "CubeBlock/HalfSlopeArmorBlock",
  "CubeBlock/HeavyHalfSlopeArmorBlock",
  "CubeBlock/LargeBlockArmorRoundSlope",
  "CubeBlock/LargeBlockArmorRoundCorner",
  "CubeBlock/LargeBlockArmorRoundCornerInv",
  "CubeBlock/LargeHeavyBlockArmorRoundSlope",
  "CubeBlock/LargeHeavyBlockArmorRoundCorner",
  "CubeBlock/LargeHeavyBlockArmorRoundCornerInv",
  "CubeBlock/SmallBlockArmorRoundSlope",
  "CubeBlock/SmallBlockArmorRoundCorner",
  "CubeBlock/SmallBlockArmorRoundCornerInv",
  "CubeBlock/SmallHeavyBlockArmorRoundSlope",
  "CubeBlock/SmallHeavyBlockArmorRoundCorner",
  "CubeBlock/SmallHeavyBlockArmorRoundCornerInv",
  "CubeBlock/LargeBlockArmorSlope2Base",
  "CubeBlock/LargeBlockArmorSlope2Tip",
  "CubeBlock/LargeBlockArmorCorner2Base",
  "CubeBlock/LargeBlockArmorCorner2Tip",
  "CubeBlock/LargeBlockArmorInvCorner2Base",
  "CubeBlock/LargeBlockArmorInvCorner2Tip",
  "CubeBlock/LargeHeavyBlockArmorSlope2Base",
  "CubeBlock/LargeHeavyBlockArmorSlope2Tip",
  "CubeBlock/LargeHeavyBlockArmorCorner2Base",
  "CubeBlock/LargeHeavyBlockArmorCorner2Tip",
  "CubeBlock/LargeHeavyBlockArmorInvCorner2Base",
  "CubeBlock/LargeHeavyBlockArmorInvCorner2Tip",
  "CubeBlock/SmallBlockArmorSlope2Base",
  "CubeBlock/SmallBlockArmorSlope2Tip",
  "CubeBlock/SmallBlockArmorCorner2Base",
  "CubeBlock/SmallBlockArmorCorner2Tip",
  "CubeBlock/SmallBlockArmorInvCorner2Base",
  "CubeBlock/SmallBlockArmorInvCorner2Tip",
  "CubeBlock/SmallHeavyBlockArmorSlope2Base",
  "CubeBlock/SmallHeavyBlockArmorSlope2Tip",
  "CubeBlock/SmallHeavyBlockArmorCorner2Base",
  "CubeBlock/SmallHeavyBlockArmorCorner2Tip",
  "CubeBlock/SmallHeavyBlockArmorInvCorner2Base",
  "CubeBlock/SmallHeavyBlockArmorInvCorner2Tip",
]
`;

exports[`PraisalManager.addCubes() should add Vanilla "CubeBlocks_Armor_2.sbc" 1`] = `44`;

exports[`PraisalManager.addCubes() should add Vanilla "CubeBlocks_Armor_2.sbc" 2`] = `
Array [
  "CubeBlock/LargeBlockArmorCornerSquare",
  "CubeBlock/SmallBlockArmorCornerSquare",
  "CubeBlock/LargeBlockHeavyArmorCornerSquare",
  "CubeBlock/SmallBlockHeavyArmorCornerSquare",
  "CubeBlock/LargeBlockArmorCornerSquareInverted",
  "CubeBlock/SmallBlockArmorCornerSquareInverted",
  "CubeBlock/LargeBlockHeavyArmorCornerSquareInverted",
  "CubeBlock/SmallBlockHeavyArmorCornerSquareInverted",
  "CubeBlock/LargeBlockArmorHalfCorner",
  "CubeBlock/SmallBlockArmorHalfCorner",
  "CubeBlock/LargeBlockHeavyArmorHalfCorner",
  "CubeBlock/SmallBlockHeavyArmorHalfCorner",
  "CubeBlock/LargeBlockArmorHalfSlopeCorner",
  "CubeBlock/SmallBlockArmorHalfSlopeCorner",
  "CubeBlock/LargeBlockHeavyArmorHalfSlopeCorner",
  "CubeBlock/SmallBlockHeavyArmorHalfSlopeCorner",
  "CubeBlock/LargeBlockArmorHalfSlopeCornerInverted",
  "CubeBlock/SmallBlockArmorHalfSlopeCornerInverted",
  "CubeBlock/LargeBlockHeavyArmorHalfSlopeCornerInverted",
  "CubeBlock/SmallBlockHeavyArmorHalfSlopeCornerInverted",
  "CubeBlock/LargeBlockArmorHalfSlopedCorner",
  "CubeBlock/SmallBlockArmorHalfSlopedCorner",
  "CubeBlock/LargeBlockHeavyArmorHalfSlopedCorner",
  "CubeBlock/SmallBlockHeavyArmorHalfSlopedCorner",
  "CubeBlock/LargeBlockArmorHalfSlopedCornerBase",
  "CubeBlock/SmallBlockArmorHalfSlopedCornerBase",
  "CubeBlock/LargeBlockHeavyArmorHalfSlopedCornerBase",
  "CubeBlock/SmallBlockHeavyArmorHalfSlopedCornerBase",
  "CubeBlock/LargeBlockArmorHalfSlopeInverted",
  "CubeBlock/SmallBlockArmorHalfSlopeInverted",
  "CubeBlock/LargeBlockHeavyArmorHalfSlopeInverted",
  "CubeBlock/SmallBlockHeavyArmorHalfSlopeInverted",
  "CubeBlock/LargeBlockArmorSlopedCorner",
  "CubeBlock/SmallBlockArmorSlopedCorner",
  "CubeBlock/LargeBlockHeavyArmorSlopedCorner",
  "CubeBlock/SmallBlockHeavyArmorSlopedCorner",
  "CubeBlock/LargeBlockArmorSlopedCornerBase",
  "CubeBlock/SmallBlockArmorSlopedCornerBase",
  "CubeBlock/LargeBlockHeavyArmorSlopedCornerBase",
  "CubeBlock/SmallBlockHeavyArmorSlopedCornerBase",
  "CubeBlock/LargeBlockArmorSlopedCornerTip",
  "CubeBlock/SmallBlockArmorSlopedCornerTip",
  "CubeBlock/LargeBlockHeavyArmorSlopedCornerTip",
  "CubeBlock/SmallBlockHeavyArmorSlopedCornerTip",
]
`;

exports[`PraisalManager.addCubes() should add Vanilla "CubeBlocks_ArmorPanels.sbc" 1`] = `64`;

exports[`PraisalManager.addCubes() should add Vanilla "CubeBlocks_ArmorPanels.sbc" 2`] = `
Array [
  "CubeBlock/LargeArmorPanelLight",
  "CubeBlock/LargeArmorSlopedSidePanelLight",
  "CubeBlock/LargeArmorSlopedPanelLight",
  "CubeBlock/LargeArmorHalfPanelLight",
  "CubeBlock/LargeArmorQuarterPanelLight",
  "CubeBlock/LargeArmor2x1SlopedPanelLight",
  "CubeBlock/LargeArmor2x1SlopedPanelTipLight",
  "CubeBlock/LargeArmor2x1SlopedSideBasePanelLight",
  "CubeBlock/LargeArmor2x1SlopedSideTipPanelLight",
  "CubeBlock/LargeArmor2x1SlopedSideBasePanelLightInv",
  "CubeBlock/LargeArmor2x1SlopedSideTipPanelLightInv",
  "CubeBlock/LargeArmorHalfSlopedPanelLight",
  "CubeBlock/LargeArmor2x1HalfSlopedPanelLightRight",
  "CubeBlock/LargeArmor2x1HalfSlopedTipPanelLightRight",
  "CubeBlock/LargeArmor2x1HalfSlopedPanelLightLeft",
  "CubeBlock/LargeArmor2x1HalfSlopedTipPanelLightLeft",
  "CubeBlock/LargeArmorPanelHeavy",
  "CubeBlock/LargeArmorSlopedSidePanelHeavy",
  "CubeBlock/LargeArmorSlopedPanelHeavy",
  "CubeBlock/LargeArmorHalfPanelHeavy",
  "CubeBlock/LargeArmorQuarterPanelHeavy",
  "CubeBlock/LargeArmor2x1SlopedPanelHeavy",
  "CubeBlock/LargeArmor2x1SlopedPanelTipHeavy",
  "CubeBlock/LargeArmor2x1SlopedSideBasePanelHeavy",
  "CubeBlock/LargeArmor2x1SlopedSideTipPanelHeavy",
  "CubeBlock/LargeArmor2x1SlopedSideBasePanelHeavyInv",
  "CubeBlock/LargeArmor2x1SlopedSideTipPanelHeavyInv",
  "CubeBlock/LargeArmorHalfSlopedPanelHeavy",
  "CubeBlock/LargeArmor2x1HalfSlopedPanelHeavyRight",
  "CubeBlock/LargeArmor2x1HalfSlopedTipPanelHeavyRight",
  "CubeBlock/LargeArmor2x1HalfSlopedPanelHeavyLeft",
  "CubeBlock/LargeArmor2x1HalfSlopedTipPanelHeavyLeft",
  "CubeBlock/SmallArmorPanelLight",
  "CubeBlock/SmallArmorSlopedSidePanelLight",
  "CubeBlock/SmallArmorSlopedPanelLight",
  "CubeBlock/SmallArmorHalfPanelLight",
  "CubeBlock/SmallArmorQuarterPanelLight",
  "CubeBlock/SmallArmor2x1SlopedPanelLight",
  "CubeBlock/SmallArmor2x1SlopedPanelTipLight",
  "CubeBlock/SmallArmor2x1SlopedSideBasePanelLight",
  "CubeBlock/SmallArmor2x1SlopedSideTipPanelLight",
  "CubeBlock/SmallArmor2x1SlopedSideBasePanelLightInv",
  "CubeBlock/SmallArmor2x1SlopedSideTipPanelLightInv",
  "CubeBlock/SmallArmorHalfSlopedPanelLight",
  "CubeBlock/SmallArmor2x1HalfSlopedPanelLightRight",
  "CubeBlock/SmallArmor2x1HalfSlopedTipPanelLightRight",
  "CubeBlock/SmallArmor2x1HalfSlopedPanelLightLeft",
  "CubeBlock/SmallArmor2x1HalfSlopedTipPanelLightLeft",
  "CubeBlock/SmallArmorPanelHeavy",
  "CubeBlock/SmallArmorSlopedSidePanelHeavy",
  "CubeBlock/SmallArmorSlopedPanelHeavy",
  "CubeBlock/SmallArmorHalfPanelHeavy",
  "CubeBlock/SmallArmorQuarterPanelHeavy",
  "CubeBlock/SmallArmor2x1SlopedPanelHeavy",
  "CubeBlock/SmallArmor2x1SlopedPanelTipHeavy",
  "CubeBlock/SmallArmor2x1SlopedSideBasePanelHeavy",
  "CubeBlock/SmallArmor2x1SlopedSideTipPanelHeavy",
  "CubeBlock/SmallArmor2x1SlopedSideBasePanelHeavyInv",
  "CubeBlock/SmallArmor2x1SlopedSideTipPanelHeavyInv",
  "CubeBlock/SmallArmorHalfSlopedPanelHeavy",
  "CubeBlock/SmallArmor2x1HalfSlopedPanelHeavyRight",
  "CubeBlock/SmallArmor2x1HalfSlopedTipPanelHeavyRight",
  "CubeBlock/SmallArmor2x1HalfSlopedPanelHeavyLeft",
  "CubeBlock/SmallArmor2x1HalfSlopedTipPanelHeavyLeft",
]
`;

exports[`PraisalManager.addCubes() should add Vanilla "CubeBlocks_Automation.sbc" 1`] = `15`;

exports[`PraisalManager.addCubes() should add Vanilla "CubeBlocks_Automation.sbc" 2`] = `
Array [
  "MyProgrammableBlock/SmallProgrammableBlock",
  "Projector/LargeProjector",
  "Projector/SmallProjector",
  "SensorBlock/SmallBlockSensor",
  "SensorBlock/LargeBlockSensor",
  "TargetDummyBlock/TargetDummy",
  "SoundBlock/SmallBlockSoundBlock",
  "SoundBlock/LargeBlockSoundBlock",
  "ButtonPanel/ButtonPanelLarge",
  "ButtonPanel/ButtonPanelSmall",
  "TimerBlock/TimerBlockLarge",
  "TimerBlock/TimerBlockSmall",
  "MyProgrammableBlock/LargeProgrammableBlock",
  "TurretControlBlock/LargeTurretControlBlock",
  "TurretControlBlock/SmallTurretControlBlock",
]
`;

exports[`PraisalManager.addCubes() should add Vanilla "CubeBlocks_Communications.sbc" 1`] = `8`;

exports[`PraisalManager.addCubes() should add Vanilla "CubeBlocks_Communications.sbc" 2`] = `
Array [
  "RadioAntenna/LargeBlockRadioAntenna",
  "Beacon/LargeBlockBeacon",
  "Beacon/SmallBlockBeacon",
  "RadioAntenna/SmallBlockRadioAntenna",
  "RemoteControl/LargeBlockRemoteControl",
  "RemoteControl/SmallBlockRemoteControl",
  "LaserAntenna/LargeBlockLaserAntenna",
  "LaserAntenna/SmallBlockLaserAntenna",
]
`;

exports[`PraisalManager.addCubes() should add Vanilla "CubeBlocks_Control.sbc" 1`] = `12`;

exports[`PraisalManager.addCubes() should add Vanilla "CubeBlocks_Control.sbc" 2`] = `
Array [
  "TerminalBlock/ControlPanel",
  "TerminalBlock/SmallControlPanel",
  "Cockpit/LargeBlockCockpit",
  "Cockpit/LargeBlockCockpitSeat",
  "Cockpit/SmallBlockCockpit",
  "Cockpit/DBSmallBlockFighterCockpit",
  "Cockpit/CockpitOpen",
  "Cockpit/RoverCockpit",
  "Gyro/LargeBlockGyro",
  "Gyro/SmallBlockGyro",
  "Cockpit/OpenCockpitSmall",
  "Cockpit/OpenCockpitLarge",
]
`;

exports[`PraisalManager.addCubes() should add Vanilla "CubeBlocks_Doors.sbc" 1`] = `12`;

exports[`PraisalManager.addCubes() should add Vanilla "CubeBlocks_Doors.sbc" 2`] = `
Array [
  "Door/",
  "Door/SmallDoor",
  "AirtightHangarDoor/",
  "AirtightSlideDoor/LargeBlockSlideDoor",
  "CubeBlock/ArmorCenter",
  "CubeBlock/ArmorCorner",
  "CubeBlock/ArmorInvCorner",
  "CubeBlock/ArmorSide",
  "CubeBlock/SmallArmorCenter",
  "CubeBlock/SmallArmorCorner",
  "CubeBlock/SmallArmorInvCorner",
  "CubeBlock/SmallArmorSide",
]
`;

exports[`PraisalManager.addCubes() should add Vanilla "CubeBlocks_Energy.sbc" 1`] = `12`;

exports[`PraisalManager.addCubes() should add Vanilla "CubeBlocks_Energy.sbc" 2`] = `
Array [
  "BatteryBlock/LargeBlockBatteryBlock",
  "BatteryBlock/SmallBlockBatteryBlock",
  "BatteryBlock/SmallBlockSmallBatteryBlock",
  "Reactor/SmallBlockSmallGenerator",
  "Reactor/SmallBlockLargeGenerator",
  "Reactor/LargeBlockSmallGenerator",
  "Reactor/LargeBlockLargeGenerator",
  "HydrogenEngine/LargeHydrogenEngine",
  "HydrogenEngine/SmallHydrogenEngine",
  "WindTurbine/LargeBlockWindTurbine",
  "SolarPanel/LargeBlockSolarPanel",
  "SolarPanel/SmallBlockSolarPanel",
]
`;

exports[`PraisalManager.addCubes() should add Vanilla "CubeBlocks_Extras.sbc" 1`] = `3`;

exports[`PraisalManager.addCubes() should add Vanilla "CubeBlocks_Extras.sbc" 2`] = `
Array [
  "CubeBlock/Monolith",
  "CubeBlock/Stereolith",
  "CubeBlock/LargeDeadAstronaut",
]
`;

exports[`PraisalManager.addCubes() should add Vanilla "CubeBlocks_Gravity.sbc" 1`] = `6`;

exports[`PraisalManager.addCubes() should add Vanilla "CubeBlocks_Gravity.sbc" 2`] = `
Array [
  "GravityGenerator/",
  "GravityGeneratorSphere/",
  "VirtualMass/VirtualMassLarge",
  "VirtualMass/VirtualMassSmall",
  "SpaceBall/SpaceBallLarge",
  "SpaceBall/SpaceBallSmall",
]
`;

exports[`PraisalManager.addCubes() should add Vanilla "CubeBlocks_Interiors.sbc" 1`] = `19`;

exports[`PraisalManager.addCubes() should add Vanilla "CubeBlocks_Interiors.sbc" 2`] = `
Array [
  "Passage/",
  "CubeBlock/Passage2",
  "CubeBlock/Passage2Wall",
  "CubeBlock/LargeStairs",
  "CubeBlock/LargeRamp",
  "CubeBlock/LargeSteelCatwalk",
  "CubeBlock/LargeSteelCatwalk2Sides",
  "CubeBlock/LargeSteelCatwalkCorner",
  "CubeBlock/LargeSteelCatwalkPlate",
  "CubeBlock/LargeCoverWall",
  "CubeBlock/LargeCoverWallHalf",
  "CubeBlock/LargeBlockInteriorWall",
  "CubeBlock/LargeInteriorPillar",
  "Cockpit/PassengerSeatLarge",
  "Cockpit/PassengerSeatSmall",
  "Cockpit/PassengerSeatSmallNew",
  "Cockpit/PassengerSeatSmallOffset",
  "Ladder2/",
  "Ladder2/LadderSmall",
]
`;

exports[`PraisalManager.addCubes() should add Vanilla "CubeBlocks_LCDPanels.sbc" 1`] = `14`;

exports[`PraisalManager.addCubes() should add Vanilla "CubeBlocks_LCDPanels.sbc" 2`] = `
Array [
  "TextPanel/SmallTextPanel",
  "TextPanel/SmallLCDPanelWide",
  "TextPanel/SmallLCDPanel",
  "TextPanel/LargeBlockCorner_LCD_1",
  "TextPanel/LargeBlockCorner_LCD_2",
  "TextPanel/LargeBlockCorner_LCD_Flat_1",
  "TextPanel/LargeBlockCorner_LCD_Flat_2",
  "TextPanel/SmallBlockCorner_LCD_1",
  "TextPanel/SmallBlockCorner_LCD_2",
  "TextPanel/SmallBlockCorner_LCD_Flat_1",
  "TextPanel/SmallBlockCorner_LCD_Flat_2",
  "TextPanel/LargeTextPanel",
  "TextPanel/LargeLCDPanel",
  "TextPanel/LargeLCDPanelWide",
]
`;

exports[`PraisalManager.addCubes() should add Vanilla "CubeBlocks_Lights.sbc" 1`] = `8`;

exports[`PraisalManager.addCubes() should add Vanilla "CubeBlocks_Lights.sbc" 2`] = `
Array [
  "ReflectorLight/LargeBlockFrontLight",
  "ReflectorLight/SmallBlockFrontLight",
  "InteriorLight/SmallLight",
  "InteriorLight/SmallBlockSmallLight",
  "InteriorLight/LargeBlockLight_1corner",
  "InteriorLight/LargeBlockLight_2corner",
  "InteriorLight/SmallBlockLight_1corner",
  "InteriorLight/SmallBlockLight_2corner",
]
`;

exports[`PraisalManager.addCubes() should add Vanilla "CubeBlocks_Logistics.sbc" 1`] = `31`;

exports[`PraisalManager.addCubes() should add Vanilla "CubeBlocks_Logistics.sbc" 2`] = `
Array [
  "OxygenTank/OxygenTankSmall",
  "OxygenTank/",
  "OxygenTank/LargeHydrogenTank",
  "OxygenTank/LargeHydrogenTankSmall",
  "OxygenTank/SmallHydrogenTank",
  "OxygenTank/SmallHydrogenTankSmall",
  "AirVent/",
  "AirVent/SmallAirVent",
  "CargoContainer/SmallBlockSmallContainer",
  "CargoContainer/SmallBlockMediumContainer",
  "CargoContainer/SmallBlockLargeContainer",
  "CargoContainer/LargeBlockSmallContainer",
  "CargoContainer/LargeBlockLargeContainer",
  "Conveyor/SmallBlockConveyor",
  "Conveyor/LargeBlockConveyor",
  "Collector/Collector",
  "Collector/CollectorSmall",
  "ShipConnector/Connector",
  "ShipConnector/ConnectorSmall",
  "ShipConnector/ConnectorMedium",
  "ConveyorConnector/ConveyorTube",
  "ConveyorConnector/ConveyorTubeSmall",
  "ConveyorConnector/ConveyorTubeMedium",
  "ConveyorConnector/ConveyorFrameMedium",
  "ConveyorConnector/ConveyorTubeCurved",
  "ConveyorConnector/ConveyorTubeSmallCurved",
  "ConveyorConnector/ConveyorTubeCurvedMedium",
  "Conveyor/SmallShipConveyorHub",
  "ConveyorSorter/LargeBlockConveyorSorter",
  "ConveyorSorter/MediumBlockConveyorSorter",
  "ConveyorSorter/SmallBlockConveyorSorter",
]
`;

exports[`PraisalManager.addCubes() should add Vanilla "CubeBlocks_Mechanical.sbc" 1`] = `20`;

exports[`PraisalManager.addCubes() should add Vanilla "CubeBlocks_Mechanical.sbc" 2`] = `
Array [
  "PistonBase/LargePistonBase",
  "ExtendedPistonBase/LargePistonBase",
  "PistonTop/LargePistonTop",
  "PistonBase/SmallPistonBase",
  "ExtendedPistonBase/SmallPistonBase",
  "PistonTop/SmallPistonTop",
  "MotorStator/LargeStator",
  "MotorRotor/LargeRotor",
  "MotorStator/SmallStator",
  "MotorRotor/SmallRotor",
  "MotorAdvancedStator/LargeAdvancedStator",
  "MotorAdvancedRotor/LargeAdvancedRotor",
  "MotorAdvancedStator/SmallAdvancedStator",
  "MotorAdvancedRotor/SmallAdvancedRotor",
  "MotorAdvancedStator/LargeHinge",
  "MotorAdvancedRotor/LargeHingeHead",
  "MotorAdvancedStator/MediumHinge",
  "MotorAdvancedRotor/MediumHingeHead",
  "MotorAdvancedStator/SmallHinge",
  "MotorAdvancedRotor/SmallHingeHead",
]
`;

exports[`PraisalManager.addCubes() should add Vanilla "CubeBlocks_Medical.sbc" 1`] = `3`;

exports[`PraisalManager.addCubes() should add Vanilla "CubeBlocks_Medical.sbc" 2`] = `
Array [
  "MedicalRoom/LargeMedicalRoom",
  "CryoChamber/LargeBlockCryoChamber",
  "CryoChamber/SmallBlockCryoChamber",
]
`;

exports[`PraisalManager.addCubes() should add Vanilla "CubeBlocks_Production.sbc" 1`] = `12`;

exports[`PraisalManager.addCubes() should add Vanilla "CubeBlocks_Production.sbc" 2`] = `
Array [
  "Refinery/LargeRefinery",
  "Refinery/Blast Furnace",
  "OxygenGenerator/",
  "OxygenGenerator/OxygenGeneratorSmall",
  "Assembler/LargeAssembler",
  "Assembler/BasicAssembler",
  "SurvivalKit/SurvivalKitLarge",
  "SurvivalKit/SurvivalKit",
  "OxygenFarm/LargeBlockOxygenFarm",
  "UpgradeModule/LargeProductivityModule",
  "UpgradeModule/LargeEffectivenessModule",
  "UpgradeModule/LargeEnergyModule",
]
`;

exports[`PraisalManager.addCubes() should add Vanilla "CubeBlocks_Symbols.sbc" 1`] = `88`;

exports[`PraisalManager.addCubes() should add Vanilla "CubeBlocks_Symbols.sbc" 2`] = `
Array [
  "CubeBlock/LargeSymbolA",
  "CubeBlock/LargeSymbolB",
  "CubeBlock/LargeSymbolC",
  "CubeBlock/LargeSymbolD",
  "CubeBlock/LargeSymbolE",
  "CubeBlock/LargeSymbolF",
  "CubeBlock/LargeSymbolG",
  "CubeBlock/LargeSymbolH",
  "CubeBlock/LargeSymbolI",
  "CubeBlock/LargeSymbolJ",
  "CubeBlock/LargeSymbolK",
  "CubeBlock/LargeSymbolL",
  "CubeBlock/LargeSymbolM",
  "CubeBlock/LargeSymbolN",
  "CubeBlock/LargeSymbolO",
  "CubeBlock/LargeSymbolP",
  "CubeBlock/LargeSymbolQ",
  "CubeBlock/LargeSymbolR",
  "CubeBlock/LargeSymbolS",
  "CubeBlock/LargeSymbolT",
  "CubeBlock/LargeSymbolU",
  "CubeBlock/LargeSymbolV",
  "CubeBlock/LargeSymbolW",
  "CubeBlock/LargeSymbolX",
  "CubeBlock/LargeSymbolY",
  "CubeBlock/LargeSymbolZ",
  "CubeBlock/SmallSymbolA",
  "CubeBlock/SmallSymbolB",
  "CubeBlock/SmallSymbolC",
  "CubeBlock/SmallSymbolD",
  "CubeBlock/SmallSymbolE",
  "CubeBlock/SmallSymbolF",
  "CubeBlock/SmallSymbolG",
  "CubeBlock/SmallSymbolH",
  "CubeBlock/SmallSymbolI",
  "CubeBlock/SmallSymbolJ",
  "CubeBlock/SmallSymbolK",
  "CubeBlock/SmallSymbolL",
  "CubeBlock/SmallSymbolM",
  "CubeBlock/SmallSymbolN",
  "CubeBlock/SmallSymbolO",
  "CubeBlock/SmallSymbolP",
  "CubeBlock/SmallSymbolQ",
  "CubeBlock/SmallSymbolR",
  "CubeBlock/SmallSymbolS",
  "CubeBlock/SmallSymbolT",
  "CubeBlock/SmallSymbolU",
  "CubeBlock/SmallSymbolV",
  "CubeBlock/SmallSymbolW",
  "CubeBlock/SmallSymbolX",
  "CubeBlock/SmallSymbolY",
  "CubeBlock/SmallSymbolZ",
  "CubeBlock/LargeSymbol0",
  "CubeBlock/LargeSymbol1",
  "CubeBlock/LargeSymbol2",
  "CubeBlock/LargeSymbol3",
  "CubeBlock/LargeSymbol4",
  "CubeBlock/LargeSymbol5",
  "CubeBlock/LargeSymbol6",
  "CubeBlock/LargeSymbol7",
  "CubeBlock/LargeSymbol8",
  "CubeBlock/LargeSymbol9",
  "CubeBlock/SmallSymbol0",
  "CubeBlock/SmallSymbol1",
  "CubeBlock/SmallSymbol2",
  "CubeBlock/SmallSymbol3",
  "CubeBlock/SmallSymbol4",
  "CubeBlock/SmallSymbol5",
  "CubeBlock/SmallSymbol6",
  "CubeBlock/SmallSymbol7",
  "CubeBlock/SmallSymbol8",
  "CubeBlock/SmallSymbol9",
  "CubeBlock/LargeSymbolHyphen",
  "CubeBlock/LargeSymbolUnderscore",
  "CubeBlock/LargeSymbolDot",
  "CubeBlock/LargeSymbolApostrophe",
  "CubeBlock/LargeSymbolAnd",
  "CubeBlock/LargeSymbolColon",
  "CubeBlock/LargeSymbolExclamationMark",
  "CubeBlock/LargeSymbolQuestionMark",
  "CubeBlock/SmallSymbolHyphen",
  "CubeBlock/SmallSymbolUnderscore",
  "CubeBlock/SmallSymbolDot",
  "CubeBlock/SmallSymbolApostrophe",
  "CubeBlock/SmallSymbolAnd",
  "CubeBlock/SmallSymbolColon",
  "CubeBlock/SmallSymbolExclamationMark",
  "CubeBlock/SmallSymbolQuestionMark",
]
`;

exports[`PraisalManager.addCubes() should add Vanilla "CubeBlocks_Thrusters.sbc" 1`] = `12`;

exports[`PraisalManager.addCubes() should add Vanilla "CubeBlocks_Thrusters.sbc" 2`] = `
Array [
  "Thrust/SmallBlockSmallThrust",
  "Thrust/SmallBlockLargeThrust",
  "Thrust/LargeBlockSmallThrust",
  "Thrust/LargeBlockLargeThrust",
  "Thrust/LargeBlockLargeHydrogenThrust",
  "Thrust/LargeBlockSmallHydrogenThrust",
  "Thrust/SmallBlockLargeHydrogenThrust",
  "Thrust/SmallBlockSmallHydrogenThrust",
  "Thrust/LargeBlockLargeAtmosphericThrust",
  "Thrust/LargeBlockSmallAtmosphericThrust",
  "Thrust/SmallBlockLargeAtmosphericThrust",
  "Thrust/SmallBlockSmallAtmosphericThrust",
]
`;

exports[`PraisalManager.addCubes() should add Vanilla "CubeBlocks_Tools.sbc" 1`] = `8`;

exports[`PraisalManager.addCubes() should add Vanilla "CubeBlocks_Tools.sbc" 2`] = `
Array [
  "Drill/SmallBlockDrill",
  "Drill/LargeBlockDrill",
  "ShipGrinder/LargeShipGrinder",
  "ShipGrinder/SmallShipGrinder",
  "ShipWelder/LargeShipWelder",
  "ShipWelder/SmallShipWelder",
  "OreDetector/LargeOreDetector",
  "OreDetector/SmallBlockOreDetector",
]
`;

exports[`PraisalManager.addCubes() should add Vanilla "CubeBlocks_Utility.sbc" 1`] = `12`;

exports[`PraisalManager.addCubes() should add Vanilla "CubeBlocks_Utility.sbc" 2`] = `
Array [
  "LandingGear/LargeBlockLandingGear",
  "LandingGear/SmallBlockLandingGear",
  "LandingGear/LargeBlockSmallMagneticPlate",
  "LandingGear/SmallBlockSmallMagneticPlate",
  "JumpDrive/LargeJumpDrive",
  "CameraBlock/SmallCameraBlock",
  "CameraBlock/LargeCameraBlock",
  "MergeBlock/LargeShipMergeBlock",
  "MergeBlock/SmallShipMergeBlock",
  "MergeBlock/SmallShipSmallMergeBlock",
  "Parachute/LgParachute",
  "Parachute/SmParachute",
]
`;

exports[`PraisalManager.addCubes() should add Vanilla "CubeBlocks_Weapons.sbc" 1`] = `22`;

exports[`PraisalManager.addCubes() should add Vanilla "CubeBlocks_Weapons.sbc" 2`] = `
Array [
  "Warhead/LargeWarhead",
  "Warhead/SmallWarhead",
  "Decoy/LargeDecoy",
  "Decoy/SmallDecoy",
  "LargeGatlingTurret/",
  "LargeGatlingTurret/SmallGatlingTurret",
  "LargeMissileTurret/",
  "LargeMissileTurret/SmallMissileTurret",
  "InteriorTurret/LargeInteriorTurret",
  "SmallMissileLauncher/",
  "SmallMissileLauncher/LargeMissileLauncher",
  "SmallMissileLauncherReload/SmallRocketLauncherReload",
  "SmallGatlingGun/",
  "SmallGatlingGun/SmallBlockAutocannon",
  "SmallMissileLauncherReload/SmallBlockMediumCalibreGun",
  "SmallMissileLauncher/LargeBlockLargeCalibreGun",
  "SmallMissileLauncherReload/LargeRailgun",
  "SmallMissileLauncherReload/SmallRailgun",
  "LargeMissileTurret/LargeCalibreTurret",
  "LargeMissileTurret/LargeBlockMediumCalibreTurret",
  "LargeMissileTurret/SmallBlockMediumCalibreTurret",
  "LargeGatlingTurret/AutoCannonTurret",
]
`;

exports[`PraisalManager.addCubes() should add Vanilla "CubeBlocks_Wheels.sbc" 1`] = `30`;

exports[`PraisalManager.addCubes() should add Vanilla "CubeBlocks_Wheels.sbc" 2`] = `
Array [
  "MotorSuspension/Suspension3x3",
  "MotorSuspension/Suspension5x5",
  "MotorSuspension/Suspension1x1",
  "MotorSuspension/SmallSuspension3x3",
  "MotorSuspension/SmallSuspension5x5",
  "MotorSuspension/SmallSuspension1x1",
  "MotorSuspension/Suspension3x3mirrored",
  "MotorSuspension/Suspension5x5mirrored",
  "MotorSuspension/Suspension1x1mirrored",
  "MotorSuspension/SmallSuspension3x3mirrored",
  "MotorSuspension/SmallSuspension5x5mirrored",
  "MotorSuspension/SmallSuspension1x1mirrored",
  "Wheel/SmallRealWheel1x1",
  "Wheel/SmallRealWheel",
  "Wheel/SmallRealWheel5x5",
  "Wheel/RealWheel1x1",
  "Wheel/RealWheel",
  "Wheel/RealWheel5x5",
  "Wheel/SmallRealWheel1x1mirrored",
  "Wheel/SmallRealWheelmirrored",
  "Wheel/SmallRealWheel5x5mirrored",
  "Wheel/RealWheel1x1mirrored",
  "Wheel/RealWheelmirrored",
  "Wheel/RealWheel5x5mirrored",
  "Wheel/Wheel1x1",
  "Wheel/SmallWheel1x1",
  "Wheel/Wheel3x3",
  "Wheel/SmallWheel3x3",
  "Wheel/Wheel5x5",
  "Wheel/SmallWheel5x5",
]
`;

exports[`PraisalManager.addCubes() should add Vanilla "CubeBlocks_Windows.sbc" 1`] = `42`;

exports[`PraisalManager.addCubes() should add Vanilla "CubeBlocks_Windows.sbc" 2`] = `
Array [
  "CubeBlock/LargeWindowSquare",
  "CubeBlock/LargeWindowEdge",
  "CubeBlock/Window1x2Slope",
  "CubeBlock/Window1x2Inv",
  "CubeBlock/Window1x2Face",
  "CubeBlock/Window1x2SideLeft",
  "CubeBlock/Window1x2SideLeftInv",
  "CubeBlock/Window1x2SideRight",
  "CubeBlock/Window1x2SideRightInv",
  "CubeBlock/Window1x1Slope",
  "CubeBlock/Window1x1Face",
  "CubeBlock/Window1x1Side",
  "CubeBlock/Window1x1SideInv",
  "CubeBlock/Window1x1Inv",
  "CubeBlock/Window1x2Flat",
  "CubeBlock/Window1x2FlatInv",
  "CubeBlock/Window1x1Flat",
  "CubeBlock/Window1x1FlatInv",
  "CubeBlock/Window3x3Flat",
  "CubeBlock/Window3x3FlatInv",
  "CubeBlock/Window2x3Flat",
  "CubeBlock/Window2x3FlatInv",
  "CubeBlock/SmallWindow1x2Slope",
  "CubeBlock/SmallWindow1x2Inv",
  "CubeBlock/SmallWindow1x2Face",
  "CubeBlock/SmallWindow1x2SideLeft",
  "CubeBlock/SmallWindow1x2SideLeftInv",
  "CubeBlock/SmallWindow1x2SideRight",
  "CubeBlock/SmallWindow1x2SideRightInv",
  "CubeBlock/SmallWindow1x1Slope",
  "CubeBlock/SmallWindow1x1Face",
  "CubeBlock/SmallWindow1x1Side",
  "CubeBlock/SmallWindow1x1SideInv",
  "CubeBlock/SmallWindow1x1Inv",
  "CubeBlock/SmallWindow1x2Flat",
  "CubeBlock/SmallWindow1x2FlatInv",
  "CubeBlock/SmallWindow1x1Flat",
  "CubeBlock/SmallWindow1x1FlatInv",
  "CubeBlock/SmallWindow3x3Flat",
  "CubeBlock/SmallWindow3x3FlatInv",
  "CubeBlock/SmallWindow2x3Flat",
  "CubeBlock/SmallWindow2x3FlatInv",
]
`;

exports[`PraisalManager.addCubes() should add Warfare1 "CubeBlocks.sbc" 1`] = `17`;

exports[`PraisalManager.addCubes() should add Warfare1 "CubeBlocks.sbc" 2`] = `
Array [
  "CargoContainer/LargeBlockWeaponRack",
  "CargoContainer/SmallBlockWeaponRack",
  "CubeBlock/FireCover",
  "CubeBlock/FireCoverCorner",
  "CubeBlock/HalfWindow",
  "CubeBlock/HalfWindowInv",
  "CubeBlock/HalfWindowCorner",
  "CubeBlock/HalfWindowCornerInv",
  "CubeBlock/Embrasure",
  "CubeBlock/PassageSciFi",
  "CubeBlock/PassageSciFiWall",
  "CubeBlock/PassageSciFiIntersection",
  "CubeBlock/PassageSciFiGate",
  "InteriorLight/PassageSciFiLight",
  "CubeBlock/PassageScifiCorner",
  "CubeBlock/PassageSciFiTjunction",
  "CubeBlock/PassageSciFiWindow",
]
`;

exports[`PraisalManager.addCubes() should add Warfare2 "CubeBlocks.sbc" 1`] = `28`;

exports[`PraisalManager.addCubes() should add Warfare2 "CubeBlocks.sbc" 2`] = `
Array [
  "CubeBlock/BridgeWindow1x1Slope",
  "CubeBlock/BridgeWindow1x1Face",
  "Cockpit/PassengerBench",
  "InteriorLight/LargeLightPanel",
  "InteriorLight/SmallLightPanel",
  "Reactor/LargeBlockSmallGeneratorWarfare2",
  "Reactor/LargeBlockLargeGeneratorWarfare2",
  "Reactor/SmallBlockSmallGeneratorWarfare2",
  "Reactor/SmallBlockLargeGeneratorWarfare2",
  "AirtightHangarDoor/AirtightHangarDoorWarfare2A",
  "AirtightHangarDoor/AirtightHangarDoorWarfare2B",
  "AirtightHangarDoor/AirtightHangarDoorWarfare2C",
  "SmallMissileLauncher/SmallMissileLauncherWarfare2",
  "SmallGatlingGun/SmallGatlingGunWarfare2",
  "BatteryBlock/LargeBlockBatteryBlockWarfare2",
  "BatteryBlock/SmallBlockBatteryBlockWarfare2",
  "Door/SlidingHatchDoor",
  "Door/SlidingHatchDoorHalf",
  "Searchlight/SmallSearchlight",
  "Searchlight/LargeSearchlight",
  "HeatVentBlock/LargeHeatVentBlock",
  "HeatVentBlock/SmallHeatVentBlock",
  "Cockpit/SmallBlockStandingCockpit",
  "Cockpit/LargeBlockStandingCockpit",
  "Thrust/SmallBlockSmallModularThruster",
  "Thrust/SmallBlockLargeModularThruster",
  "Thrust/LargeBlockSmallModularThruster",
  "Thrust/LargeBlockLargeModularThruster",
]
`;
