// Jest Snapshot v1, https://goo.gl/fbAQLP

exports[`PraisalManager.praiseXml should succeed to praise AtmosphericLander 1`] = `
Object {
  "_revision": 0,
  "_version": 5,
  "blockCount": 261,
  "blockIntegrity": 0,
  "blockMass": 0,
  "blockPCU": 1594,
  "blockTime": 2815,
  "blockVolume": 6578125,
  "blocks": Object {
    "AirVent/": 1,
    "AirtightSlideDoor/LargeBlockSlideDoor": 1,
    "Assembler/LargeAssembler": 1,
    "BatteryBlock/LargeBlockBatteryBlock": 4,
    "Beacon/LargeBlockBeacon": 1,
    "CargoContainer/LargeBlockSmallContainer": 2,
    "Cockpit/CockpitOpen": 1,
    "Conveyor/LargeBlockConveyor": 3,
    "ConveyorConnector/ConveyorTube": 3,
    "CubeBlock/*": 214,
    "Gyro/LargeBlockGyro": 1,
    "InteriorLight/*": 4,
    "LandingGear/LargeBlockLandingGear": 4,
    "MedicalRoom/LargeMedicalRoom": 1,
    "MyProgrammableBlock/LargeProgrammableBlock": 1,
    "OreDetector/LargeOreDetector": 1,
    "OxygenGenerator/": 1,
    "OxygenTank/": 1,
    "Reactor/LargeBlockSmallGenerator": 1,
    "Refinery/LargeRefinery": 1,
    "TextPanel/*": 3,
    "Thrust/LargeBlockLargeAtmosphericThrust": 2,
    "Thrust/LargeBlockSmallAtmosphericThrust": 8,
    "TimerBlock/TimerBlockLarge": 1,
  },
  "componentCount": 16053,
  "componentMass": 280699,
  "componentTime": 25035,
  "componentVolume": 96705,
  "components": Object {
    "BulletproofGlass": 568,
    "Computer": 504,
    "Construction": 1581,
    "Detector": 20,
    "Display": 58,
    "Girder": 131,
    "InteriorPlate": 735,
    "LargeTube": 265,
    "Medical": 15,
    "MetalGrid": 362,
    "Motor": 3220,
    "PowerCell": 320,
    "RadioCommunication": 40,
    "Reactor": 100,
    "SmallTube": 372,
    "SteelPlate": 7762,
  },
  "flagsGreen": Array [],
  "flagsRed": Array [],
  "flagsYellow": Array [],
  "gridCount": 1,
  "gridSize": "Large",
  "gridStatic": false,
  "gridTitle": "AtmosphericLander",
  "groupControl": Object {
    "blockCount": 4,
    "blockMass": 0,
    "blockPCU": 225,
    "oreVolume": 2162,
  },
  "groupLifeSupport": Object {
    "blockCount": 11,
    "blockMass": 0,
    "blockPCU": 430,
    "oreVolume": 7860,
  },
  "groupMechanical": Object {
    "blockCount": 4,
    "blockMass": 0,
    "blockPCU": 70,
    "oreVolume": 1829,
  },
  "groupMobility": Object {
    "blockCount": 15,
    "blockMass": 0,
    "blockPCU": 340,
    "oreVolume": 77217,
  },
  "groupOther": Object {
    "blockCount": 0,
    "blockMass": 0,
    "blockPCU": 0,
    "oreVolume": 0,
  },
  "groupPower": Object {
    "blockCount": 5,
    "blockMass": 0,
    "blockPCU": 85,
    "oreVolume": 63392,
  },
  "groupProduction": Object {
    "blockCount": 3,
    "blockMass": 0,
    "blockPCU": 180,
    "oreVolume": 18232,
  },
  "groupStructure": Object {
    "blockCount": 219,
    "blockMass": 0,
    "blockPCU": 264,
    "oreVolume": 49067,
  },
  "groupWeapons": Object {
    "blockCount": 0,
    "blockMass": 0,
    "blockPCU": 0,
    "oreVolume": 0,
  },
  "ingotCount": 296582,
  "ingotMass": 296582,
  "ingotTime": 55931,
  "ingotVolume": 40611,
  "ingots": Object {
    "Cobalt": 1086,
    "Iron": 263525,
    "Nickel": 19900,
    "Silicon": 9271,
    "Silver": 800,
    "Stone": 2000,
  },
  "integrityPlanes": Object {
    "front": Any<Array>,
    "maxValue": 0,
    "rotated": true,
    "side": Any<Array>,
    "top": Any<Array>,
  },
  "oreCount": 593935,
  "oreMass": 593935,
  "oreVolume": 219756,
  "ores": Object {
    "Cobalt": 3620,
    "Iron": 376464,
    "Nickel": 49750,
    "Silicon": 13244,
    "Silver": 8000,
    "Stone": 142857,
  },
  "orientation": Orientation {
    "Forward": "Backward",
    "Up": "Up",
  },
  "thrustAtmospheric": Object {
    "Backward": 1296000,
    "Forward": 1296000,
    "Left": 1296000,
    "Right": 1296000,
    "Up": 12960000,
  },
  "thrustHydrogen": Object {},
  "thrustIon": Object {},
  "unknownDefinitionCount": 0,
  "unknownDefinitions": Array [],
  "vanilla": true,
}
`;

exports[`PraisalManager.praiseXml should succeed to praise EveryLargeBlockOnce 1`] = `
Object {
  "_revision": 0,
  "_version": 5,
  "blockCount": 121,
  "blockIntegrity": 0,
  "blockMass": 0,
  "blockPCU": 5017,
  "blockTime": 2542,
  "blockVolume": 7359375,
  "blocks": Object {
    "AirtightHangarDoor/": 1,
    "AirtightSlideDoor/LargeBlockSlideDoor": 1,
    "Assembler/LargeAssembler": 1,
    "BatteryBlock/LargeBlockBatteryBlock": 1,
    "Beacon/LargeBlockBeacon": 1,
    "ButtonPanel/ButtonPanelLarge": 1,
    "CameraBlock/LargeCameraBlock": 1,
    "CargoContainer/LargeBlockLargeContainer": 1,
    "CargoContainer/LargeBlockSmallContainer": 1,
    "Cockpit/LargeBlockCockpit": 1,
    "Cockpit/LargeBlockCockpitSeat": 1,
    "Cockpit/PassengerSeatLarge": 1,
    "Collector/Collector": 1,
    "Conveyor/LargeBlockConveyor": 1,
    "ConveyorConnector/ConveyorTube": 1,
    "ConveyorConnector/ConveyorTubeCurved": 1,
    "ConveyorSorter/LargeBlockConveyorSorter": 1,
    "CryoChamber/LargeBlockCryoChamber": 1,
    "CubeBlock/*": 40,
    "Decoy/LargeDecoy": 1,
    "Door/": 1,
    "Drill/LargeBlockDrill": 1,
    "ExtendedPistonBase/LargePistonBase": 1,
    "Gyro/LargeBlockGyro": 1,
    "InteriorLight/*": 3,
    "InteriorTurret/LargeInteriorTurret": 1,
    "LandingGear/LargeBlockLandingGear": 1,
    "LargeGatlingTurret/": 1,
    "LargeMissileTurret/": 1,
    "LaserAntenna/LargeBlockLaserAntenna": 1,
    "MedicalRoom/LargeMedicalRoom": 1,
    "MergeBlock/LargeShipMergeBlock": 1,
    "MotorAdvancedRotor/LargeAdvancedRotor": 1,
    "MotorAdvancedStator/LargeAdvancedStator": 1,
    "MotorRotor/LargeRotor": 1,
    "MotorStator/LargeStator": 1,
    "MyProgrammableBlock/LargeProgrammableBlock": 1,
    "OreDetector/LargeOreDetector": 1,
    "OxygenFarm/LargeBlockOxygenFarm": 1,
    "OxygenGenerator/": 1,
    "OxygenTank/": 1,
    "OxygenTank/LargeHydrogenTank": 1,
    "Passage/": 1,
    "PistonTop/LargePistonTop": 1,
    "RadioAntenna/LargeBlockRadioAntenna": 1,
    "Reactor/LargeBlockLargeGenerator": 1,
    "Reactor/LargeBlockSmallGenerator": 1,
    "Refinery/Blast Furnace": 1,
    "Refinery/LargeRefinery": 1,
    "ReflectorLight/LargeBlockFrontLight": 1,
    "RemoteControl/LargeBlockRemoteControl": 1,
    "SensorBlock/LargeBlockSensor": 1,
    "ShipConnector/Connector": 1,
    "ShipGrinder/LargeShipGrinder": 1,
    "ShipWelder/LargeShipWelder": 1,
    "SmallMissileLauncher/LargeMissileLauncher": 1,
    "SolarPanel/LargeBlockSolarPanel": 1,
    "SoundBlock/LargeBlockSoundBlock": 1,
    "TerminalBlock/ControlPanel": 1,
    "TextPanel/*": 7,
    "Thrust/LargeBlockLargeAtmosphericThrust": 1,
    "Thrust/LargeBlockLargeHydrogenThrust": 1,
    "Thrust/LargeBlockLargeThrust": 1,
    "Thrust/LargeBlockSmallAtmosphericThrust": 1,
    "Thrust/LargeBlockSmallHydrogenThrust": 1,
    "Thrust/LargeBlockSmallThrust": 1,
    "TimerBlock/TimerBlockLarge": 1,
    "UpgradeModule/LargeEffectivenessModule": 1,
    "UpgradeModule/LargeEnergyModule": 1,
    "UpgradeModule/LargeProductivityModule": 1,
    "Warhead/LargeWarhead": 1,
    "Wheel/*": 3,
    "null/null": 1,
  },
  "componentCount": 20615,
  "componentMass": 352425,
  "componentTime": 45385,
  "componentVolume": 131534,
  "components": Object {
    "BulletproofGlass": 217,
    "Computer": 975,
    "Construction": 2553,
    "Detector": 56,
    "Display": 100,
    "Explosives": 6,
    "Girder": 36,
    "InteriorPlate": 1279,
    "LargeTube": 544,
    "Medical": 18,
    "MetalGrid": 969,
    "Motor": 1481,
    "PowerCell": 100,
    "RadioCommunication": 105,
    "Reactor": 2100,
    "SmallTube": 679,
    "SolarCell": 32,
    "SteelPlate": 8105,
    "Superconductor": 220,
    "Thrust": 1040,
  },
  "flagsGreen": Array [],
  "flagsRed": Array [],
  "flagsYellow": Array [],
  "gridCount": 4,
  "gridSize": "Large",
  "gridStatic": false,
  "gridTitle": "EveryLargeBlockOnce",
  "groupControl": Object {
    "blockCount": 53248,
    "blockMass": 0,
    "blockPCU": 2805760,
    "oreVolume": 64905933,
  },
  "groupLifeSupport": Object {
    "blockCount": 320,
    "blockMass": 0,
    "blockPCU": 14880,
    "oreVolume": 288559,
  },
  "groupMechanical": Object {
    "blockCount": 917504,
    "blockMass": 0,
    "blockPCU": 62455808,
    "oreVolume": 625914956,
  },
  "groupMobility": Object {
    "blockCount": 3072,
    "blockMass": 0,
    "blockPCU": 96000,
    "oreVolume": 37352516,
  },
  "groupOther": Object {
    "blockCount": 0,
    "blockMass": 0,
    "blockPCU": 0,
    "oreVolume": 0,
  },
  "groupPower": Object {
    "blockCount": 16,
    "blockMass": 0,
    "blockPCU": 480,
    "oreVolume": 4758891,
  },
  "groupProduction": Object {
    "blockCount": 8192,
    "blockMass": 0,
    "blockPCU": 289792,
    "oreVolume": 28103424,
  },
  "groupStructure": Object {
    "blockCount": 2880,
    "blockMass": 0,
    "blockPCU": 7744,
    "oreVolume": 1887051,
  },
  "groupWeapons": Object {
    "blockCount": 81920,
    "blockMass": 0,
    "blockPCU": 25395200,
    "oreVolume": 66506213,
  },
  "ingotCount": 411404,
  "ingotMass": 411404,
  "ingotTime": 501120,
  "ingotVolume": 62862,
  "ingots": Object {
    "Cobalt": 13307,
    "Gold": 1480,
    "Iron": 324333,
    "Magnesium": 12,
    "Nickel": 14646,
    "Platinum": 416,
    "Silicon": 4350,
    "Silver": 10860,
    "Stone": 42000,
  },
  "integrityPlanes": Object {
    "front": Any<Array>,
    "maxValue": 0,
    "rotated": true,
    "side": Any<Array>,
    "top": Any<Array>,
  },
  "oreCount": 3892033,
  "oreMass": 3892033,
  "oreVolume": 1440052,
  "ores": Object {
    "Cobalt": 44357,
    "Gold": 148000,
    "Iron": 463333,
    "Magnesium": 1714,
    "Nickel": 36615,
    "Platinum": 83200,
    "Silicon": 6214,
    "Silver": 108600,
    "Stone": 3000000,
  },
  "orientation": Orientation {
    "Forward": "Forward",
    "Up": "Up",
  },
  "thrustAtmospheric": Object {
    "Forward": 7128000,
  },
  "thrustHydrogen": Object {
    "Forward": 8280000,
  },
  "thrustIon": Object {
    "Forward": 4665600,
  },
  "unknownDefinitionCount": 1,
  "unknownDefinitions": Array [
    "null/null",
  ],
  "vanilla": false,
}
`;

exports[`PraisalManager.praiseXml should succeed to praise RespawnShip 1`] = `
Object {
  "_revision": 0,
  "_version": 5,
  "blockCount": 118,
  "blockIntegrity": 0,
  "blockMass": 0,
  "blockPCU": 1144,
  "blockTime": 1549,
  "blockVolume": 2343750,
  "blocks": Object {
    "AirtightSlideDoor/LargeBlockSlideDoor": 1,
    "Assembler/LargeAssembler": 1,
    "CargoContainer/LargeBlockSmallContainer": 1,
    "Cockpit/CockpitOpen": 1,
    "Collector/Collector": 1,
    "Conveyor/LargeBlockConveyor": 1,
    "ConveyorConnector/ConveyorTube": 1,
    "ConveyorConnector/ConveyorTubeCurved": 1,
    "CubeBlock/*": 89,
    "GravityGenerator/": 1,
    "Gyro/LargeBlockGyro": 1,
    "InteriorLight/*": 2,
    "MedicalRoom/LargeMedicalRoom": 1,
    "OxygenGenerator/": 1,
    "Reactor/LargeBlockSmallGenerator": 1,
    "Refinery/LargeRefinery": 1,
    "ShipConnector/Connector": 1,
    "Thrust/LargeBlockSmallThrust": 12,
  },
  "componentCount": 8236,
  "componentMass": 153949,
  "componentTime": 12432,
  "componentVolume": 41473,
  "components": Object {
    "BulletproofGlass": 40,
    "Computer": 399,
    "Construction": 1361,
    "Display": 30,
    "Girder": 10,
    "GravityGenerator": 6,
    "InteriorPlate": 472,
    "LargeTube": 139,
    "Medical": 15,
    "MetalGrid": 148,
    "Motor": 100,
    "Reactor": 100,
    "SmallTube": 198,
    "SteelPlate": 4258,
    "Thrust": 960,
  },
  "flagsGreen": Array [],
  "flagsRed": Array [],
  "flagsYellow": Array [],
  "gridCount": 1,
  "gridSize": "Large",
  "gridStatic": false,
  "gridTitle": "RespawnShip",
  "groupControl": Object {
    "blockCount": 1,
    "blockMass": 0,
    "blockPCU": 50,
    "oreVolume": 196,
  },
  "groupLifeSupport": Object {
    "blockCount": 4,
    "blockMass": 0,
    "blockPCU": 195,
    "oreVolume": 4925,
  },
  "groupMechanical": Object {
    "blockCount": 4,
    "blockMass": 0,
    "blockPCU": 230,
    "oreVolume": 9290,
  },
  "groupMobility": Object {
    "blockCount": 14,
    "blockMass": 0,
    "blockPCU": 355,
    "oreVolume": 108579,
  },
  "groupOther": Object {
    "blockCount": 0,
    "blockMass": 0,
    "blockPCU": 0,
    "oreVolume": 0,
  },
  "groupPower": Object {
    "blockCount": 1,
    "blockMass": 0,
    "blockPCU": 25,
    "oreVolume": 56843,
  },
  "groupProduction": Object {
    "blockCount": 3,
    "blockMass": 0,
    "blockPCU": 180,
    "oreVolume": 18232,
  },
  "groupStructure": Object {
    "blockCount": 91,
    "blockMass": 0,
    "blockPCU": 109,
    "oreVolume": 17629,
  },
  "groupWeapons": Object {
    "blockCount": 0,
    "blockMass": 0,
    "blockPCU": 0,
    "oreVolume": 0,
  },
  "ingotCount": 164466,
  "ingotMass": 164466,
  "ingotTime": 65779,
  "ingotVolume": 21285,
  "ingots": Object {
    "Cobalt": 11364,
    "Gold": 1020,
    "Iron": 145748,
    "Nickel": 2290,
    "Platinum": 384,
    "Silicon": 830,
    "Silver": 830,
    "Stone": 2000,
  },
  "integrityPlanes": Object {
    "front": Any<Array>,
    "maxValue": 0,
    "rotated": true,
    "side": Any<Array>,
    "top": Any<Array>,
  },
  "oreCount": 582959,
  "oreMass": 582959,
  "oreVolume": 215695,
  "ores": Object {
    "Cobalt": 37880,
    "Gold": 102000,
    "Iron": 208211,
    "Nickel": 5725,
    "Platinum": 76800,
    "Silicon": 1186,
    "Silver": 8300,
    "Stone": 142857,
  },
  "orientation": Orientation {
    "Forward": "Left",
    "Up": "Up",
  },
  "thrustAtmospheric": Object {},
  "thrustHydrogen": Object {},
  "thrustIon": Object {
    "Backward": 345600,
    "Down": 691200,
    "Forward": 345600,
    "Left": 1382400,
    "Right": 691200,
    "Up": 691200,
  },
  "unknownDefinitionCount": 0,
  "unknownDefinitions": Array [],
  "vanilla": true,
}
`;

exports[`PraisalManager.praiseXml should succeed to praise dekartaTests 1`] = `
Object {
  "_revision": 0,
  "_version": 5,
  "blockCount": 180,
  "blockIntegrity": 0,
  "blockMass": 0,
  "blockPCU": 180,
  "blockTime": 1632,
  "blockVolume": 4062500,
  "blocks": Object {
    "CubeBlock/*": 180,
  },
  "componentCount": 6740,
  "componentMass": 118000,
  "componentTime": 6740,
  "componentVolume": 31020,
  "components": Object {
    "BulletproofGlass": 2240,
    "Girder": 400,
    "SteelPlate": 4100,
  },
  "flagsGreen": Array [],
  "flagsRed": Array [],
  "flagsYellow": Array [],
  "gridCount": 1,
  "gridSize": "Large",
  "gridStatic": false,
  "gridTitle": "dekarta Tests",
  "groupControl": Object {
    "blockCount": 0,
    "blockMass": 0,
    "blockPCU": 0,
    "oreVolume": 0,
  },
  "groupLifeSupport": Object {
    "blockCount": 0,
    "blockMass": 0,
    "blockPCU": 0,
    "oreVolume": 0,
  },
  "groupMechanical": Object {
    "blockCount": 0,
    "blockMass": 0,
    "blockPCU": 0,
    "oreVolume": 0,
  },
  "groupMobility": Object {
    "blockCount": 0,
    "blockMass": 0,
    "blockPCU": 0,
    "oreVolume": 0,
  },
  "groupOther": Object {
    "blockCount": 0,
    "blockMass": 0,
    "blockPCU": 0,
    "oreVolume": 0,
  },
  "groupPower": Object {
    "blockCount": 0,
    "blockMass": 0,
    "blockPCU": 0,
    "oreVolume": 0,
  },
  "groupProduction": Object {
    "blockCount": 0,
    "blockMass": 0,
    "blockPCU": 0,
    "oreVolume": 0,
  },
  "groupStructure": Object {
    "blockCount": 180,
    "blockMass": 0,
    "blockPCU": 180,
    "oreVolume": 64539,
  },
  "groupWeapons": Object {
    "blockCount": 0,
    "blockMass": 0,
    "blockPCU": 0,
    "oreVolume": 0,
  },
  "ingotCount": 122100,
  "ingotMass": 122100,
  "ingotTime": 24585,
  "ingotVolume": 25654,
  "ingots": Object {
    "Iron": 88500,
    "Silicon": 33600,
  },
  "integrityPlanes": Object {
    "front": Any<Array>,
    "maxValue": 0,
    "rotated": false,
    "side": Any<Array>,
    "top": Any<Array>,
  },
  "oreCount": 174429,
  "oreMass": 174429,
  "oreVolume": 64539,
  "ores": Object {
    "Iron": 126429,
    "Silicon": 48000,
  },
  "orientation": Orientation {
    "Forward": "Forward",
    "Up": "Up",
  },
  "thrustAtmospheric": Object {},
  "thrustHydrogen": Object {},
  "thrustIon": Object {},
  "unknownDefinitionCount": 0,
  "unknownDefinitions": Array [],
  "vanilla": true,
}
`;
