// Jest Snapshot v1, https://goo.gl/fbAQLP

exports[`PraisalManager.praiseSbc should succeed to praise random small steam blueprint (O.S.C. Aldebaran-Class Heavy Cruiser) 1`] = `
Object {
  "_revision": 0,
  "_version": 6,
  "blockCount": 16420,
  "blockCountTotal": 16423,
  "blockIntegrity": 68286137,
  "blockMass": 14928888,
  "blockPCU": 51845,
  "blockTime": 164748,
  "blockVolume": 276781250,
  "blocks": Object {
    "<Vanilla Heavy Armor blocks>": 1900,
    "<Vanilla Interior Light blocks>": 377,
    "<Vanilla Light Armor blocks>": 11307,
    "<Vanilla Text Panel blocks>": 16,
    "<Vanilla Window blocks>": 227,
    "Assembler/LargeAssembler": 1,
    "BatteryBlock/LargeBlockBatteryBlock": 4,
    "Beacon/LargeBlockBeacon": 1,
    "ButtonPanel/ButtonPanelLarge": 21,
    "CargoContainer/LargeBlockLargeContainer": 3,
    "CargoContainer/LargeBlockSmallContainer": 26,
    "Cockpit/CockpitOpen": 1,
    "Cockpit/LargeBlockCockpit": 10,
    "Cockpit/PassengerSeatLarge": 16,
    "Conveyor/LargeBlockConveyor": 105,
    "ConveyorConnector/ConveyorTube": 200,
    "ConveyorConnector/ConveyorTubeCurved": 54,
    "CubeBlock/ArmorCenter": 271,
    "CubeBlock/ArmorCorner": 4,
    "CubeBlock/ArmorInvCorner": 2,
    "CubeBlock/ArmorSide": 336,
    "CubeBlock/LargeBlockInteriorWall": 917,
    "CubeBlock/LargeCoverWall": 14,
    "CubeBlock/LargeInteriorPillar": 21,
    "CubeBlock/LargeRamp": 293,
    "CubeBlock/LargeSteelCatwalk": 6,
    "CubeBlock/LargeSteelCatwalk2Sides": 2,
    "CubeBlock/LargeSteelCatwalkCorner": 11,
    "CubeBlock/LargeSteelCatwalkPlate": 10,
    "Door/": 33,
    "ExtendedPistonBase/LargePistonBase": 1,
    "GravityGenerator/": 20,
    "Gyro/LargeBlockGyro": 48,
    "LargeGatlingTurret/": 8,
    "LargeMissileTurret/": 4,
    "MedicalRoom/LargeMedicalRoom": 2,
    "MotorRotor/LargeRotor": 1,
    "MotorStator/LargeStator": 1,
    "MyProgrammableBlock/LargeProgrammableBlock": 3,
    "Passage/": 12,
    "PistonTop/LargePistonTop": 1,
    "RadioAntenna/LargeBlockRadioAntenna": 2,
    "Reactor/LargeBlockLargeGenerator": 3,
    "Refinery/Blast Furnace": 1,
    "Refinery/LargeRefinery": 1,
    "ReflectorLight/LargeBlockFrontLight": 12,
    "ShipConnector/Connector": 5,
    "SmallMissileLauncher/LargeMissileLauncher": 6,
    "TerminalBlock/ControlPanel": 1,
    "Thrust/LargeBlockLargeThrust": 18,
    "Thrust/LargeBlockSmallThrust": 61,
    "TimerBlock/TimerBlockLarge": 2,
    "VirtualMass/VirtualMassLarge": 18,
  },
  "componentCount": 852729,
  "componentMass": 14928888,
  "componentTime": 1060437,
  "componentVolume": 3975389,
  "components": Object {
    "BulletproofGlass": 3134,
    "Computer": 3992,
    "Construction": 39284,
    "Display": 360,
    "Girder": 1138,
    "GravityGenerator": 282,
    "InteriorPlate": 56996,
    "LargeTube": 1956,
    "Medical": 30,
    "MetalGrid": 82566,
    "Motor": 3039,
    "PowerCell": 320,
    "RadioCommunication": 120,
    "Reactor": 6000,
    "SmallTube": 8145,
    "SteelPlate": 622547,
    "Superconductor": 660,
    "Thrust": 22160,
  },
  "flagsGreen": Array [],
  "flagsRed": Array [],
  "flagsYellow": Array [],
  "gridCount": 3,
  "gridSize": "Large",
  "gridStatic": false,
  "gridTitle": "O.S.C. Aldebaran-Class Heavy Cruiser",
  "groupControl": Object {
    "blockCount": 41,
    "blockMass": 19697,
    "blockPCU": 1260,
    "oreVolume": 11341,
  },
  "groupLifeSupport": Object {
    "blockCount": 456,
    "blockMass": 45280,
    "blockPCU": 14620,
    "oreVolume": 28408,
  },
  "groupMechanical": Object {
    "blockCount": 278,
    "blockMass": 273019,
    "blockPCU": 6442,
    "oreVolume": 218668,
  },
  "groupMobility": Object {
    "blockCount": 132,
    "blockMass": 1677816,
    "blockPCU": 4210,
    "oreVolume": 2568725,
  },
  "groupOther": Object {
    "blockCount": 18,
    "blockMass": 171792,
    "blockPCU": 450,
    "oreVolume": 207212,
  },
  "groupPower": Object {
    "blockCount": 7,
    "blockMass": 236765,
    "blockPCU": 135,
    "oreVolume": 3399181,
  },
  "groupProduction": Object {
    "blockCount": 3,
    "blockMass": 32222,
    "blockPCU": 205,
    "oreVolume": 18356,
  },
  "groupStructure": Object {
    "blockCount": 15467,
    "blockMass": 12449285,
    "blockPCU": 16673,
    "oreVolume": 7805255,
  },
  "groupWeapons": Object {
    "blockCount": 18,
    "blockMass": 23012,
    "blockPCU": 7850,
    "oreVolume": 17017,
  },
  "height": 85,
  "ingotCount": 16854793,
  "ingotMass": 16854793,
  "ingotTime": 3960243,
  "ingotVolume": 2166696,
  "ingots": Object {
    "Cobalt": 531338,
    "Gold": 26300,
    "Iron": 15655468,
    "Nickel": 430765,
    "Platinum": 8864,
    "Silicon": 50048,
    "Silver": 32010,
    "Stone": 120000,
  },
  "integrityPlanes": Object {
    "front": Any<Array>,
    "maxValue": 784670,
    "rotated": false,
    "side": Any<Array>,
    "top": Any<Array>,
  },
  "length": 282.5,
  "missingDefinitions": Object {
    "blocks": Object {
      "Projector/LargeProjector": 3,
    },
    "components": Object {},
    "ingots": Object {},
    "ores": Object {},
  },
  "oreCount": 38578820,
  "oreMass": 38578820,
  "oreVolume": 14274163,
  "ores": Object {
    "Cobalt": 1771127,
    "Gold": 2630000,
    "Iron": 22364954,
    "Nickel": 1076913,
    "Platinum": 1772800,
    "Silicon": 71497,
    "Silver": 320100,
    "Stone": 8571429,
  },
  "orientation": Orientation {
    "Forward": "Forward",
    "Up": "Up",
  },
  "thrustAtmospheric": Object {},
  "thrustHydrogen": Object {},
  "thrustIon": Object {
    "Backward": 30931200,
    "Down": 8985600,
    "Forward": 18835200,
    "Left": 2764800,
    "Right": 2764800,
    "Up": 34560000,
  },
  "vanilla": false,
  "width": 67.5,
}
`;

exports[`PraisalManager.praiseSbc should succeed to praise random small steam blueprint (O.S.C. Aldebaran-Class Heavy Cruiser) 2`] = `
"................AA.........
................AA.........
................AA.........
................AA.........
................AA.........
................AA.........
................AA.........
...H.....AABBAAAAA.....H...
..HH.....ABAAAAAAA.....HH..
.DP......AABBAABAA......PD.
BFP....ACCCCCCCCBCCA....PFB
CFP....ACDCCCCCCCDCA....PFC
CFP...ABEDDCDGCCCCEBA...PFC
CFPA.BBCFDDDDHDDDCFCBB.APFC
CFPAACCBFDDDCCDDDCFBCCAAPFC
CFPBCDCCFDCCCCCCCDFCCDCBPFC
CGQCDBBBFDDDDBDDDDFBBBDCQGC
CGPBDCCCFDDDCBDDDDFCCCDBPGC
CGQBDBBAFDDDECDDDDFABBDBQGC
CFPBBCCCFDDGGDEFDCFCCCBBPFC
BFPAAAAAFCBCBCBCCCFAAAAAPFB
.DPA..AAEEEEEEEEEEEAA..APD.
..HH...ABBBDKFKDABBA...HH..
...H...ABCDFMDNFDDBA...H...
.......ABABCDCDDBABA.......
.......ABCBCEDECBCBA.......
.......ABBBCEEECBBBA.......
.......BBBACFDFCABBB.......
.......AABACEDECABAA.......
........AB.CCBCC.BA........
...........CBBBC...........
...........BAAAB...........
............AAA............
............AAA............
"
`;

exports[`PraisalManager.praiseSbc should succeed to praise random small steam blueprint (O.S.C. Aldebaran-Class Heavy Cruiser) 3`] = `
".................A...............................................................................................
.................A...............................................................................................
.................A...............................................................................................
.................A...............................................................................................
.................A...............................................................................................
...............AAAAA.............................................................................................
...............AAAAA.............................................................................................
AAAAAAAAAAAAAAAAABBBBBAAAAAAAAAAAAAAAAAAAAAA..................................................................B..
BBBBBBBBBBBBBBBBBBBBBBBBBBBBBBBBBBBBBBBBBBBB..................................................................B..
BBBBBBBBBBBBBBBBBBBBBBBBBBBBBBBBBBBBBBBBBBBB..................................................................B..
BBBBBCBBBBBCBBBBBCCCBBBBCCCBBBBCBBBBBBCBBBBB............................................AAAAAAAAAAAAAAAAAAAAAACAA
BBBBCCCBBBCCCBBBBCCCBBBBCCCBBBCCCBBBBBCBBBBBA..A..A..................................AABAAAAAAAAAAAAAAABAAAABABBA
DBBBBCBBBBBCBBBBBBCBBBBBBCBBBBBCCBBBBCDCBBBBAAAABBBA......A.....A..ABBBAAAAAAAAAAAAABBBBBAAAAAAAAAAAAAABBBBBBBCA.
BBBBBCBBBBBCBBBBBCCCBBBBBCBBBBCCCBBBBCCCBBBBAAAAAAAABBBCBAAAAAAAAAABAABBBBABABABABABBAAAAAAAAABBBBBBBBABBBBBBBC..
BBBBBCBBBBBCBBBBBCCCBBBBBCBBBBBCCBBBBCCCBBBBAAAAAABAAABBBABBBBBBBBBBBBBBABABABABABABBAAAAAAABBAAAAABABBBBBBBBAA..
BBBBBCBBBBBCBBBBBCCCBBBBCCCBBBCDCBBBBCCCBBBBAAAAAAAAAAABABBAABABAAAAAABBBBBBBBBBBBBBBAAAAAAABABBBBBBBBBBBBBBA....
BBBBBCBBBBBCBBBBBBCBBBBBEEEDDDECCBBBBBCBBBBBAAAAAAAAAAAAAAAAAAAAAAAAABBAABBBBBBBBBBBBBBBBBBBBBBBBBBBBBBBBBBA.....
BBBBBCBBBBBCBBBBBCCCBBBBCDCBCBCDCCCCBCDCBBBBAAAAAABBBBBBBBBBBBBBBBBBBBBAABBBBBABAAABBBBBAAABAAADBAACBBABBBA......
BBBBBCBBBBBCCBBBBBCBBBBBBDCBBBCDCBBBBCCCBBBBAAAAAABAAAAAAAAAAAAAAAAABBBABBBBBBBBBBBBBBBBBBBBBBBDBAACBABBBA.......
BBBCDDDCCCDCCBBBBBCBBBBBBCCBBBCCCBBBBBCCBBBBAAAAAAAAAAAAAAAAAAAAAAAAABBBBBBBBBBBBBBBBBBBBBBBBBBDBAACBAABA........
BBBBBCBBBBBCCBBBBBCBBBBBBCBBBBCCCBBBBBCCBBBBAAAAAAAAAAAAAAAAAAAAAAAAAAAAAAAAAAAAAAAAAAAAAAAAAAAAAAAAAAAA.........
BBBBBBCBBBCCCBBBBBBBBBBBBCBBBBCBCBBBBCCBBBBBAAAAAABBBBBBBBBBBBBBBBBBBBBBBBBBBBBBBBBBBBBBBBBBBBBBBBBBBBA..........
BBBBBBBBBBBBBBBBBBBBBBBBBBBBBBBBBBBBBBBBBBBBAAAAAAAAAAADDDEEEAAAAAAAAAAAAAAAAAAAAAAAAAAAAAAAAAAAA................
AAAAAAAAAAAABBBBBDDDDDDDBABBBBBBBBBBAAAAAAAAAAAAAAAAAAADDDDDEAAAAAAAAAAAAAAAAAAAAAAAAAAAAAAAAAAA.................
............AAAAAAAAAAAAAAAAAABAAAAAAAAAAAAAAAAAAAAAAAAAAAAAAAAAAAAAAAAAAAAAAAAAAAAAAAAAAAAAAAA..................
..............ABBBBBBBBBBBBBBBBAAAAAAAAAADAAAAAAAAAEAAAAAAAAAAAAAAAAAAAAAA.......................................
...............AAAAAAAAAAAAAAAAAAAAAAAAAADAAAAAAAAAEAAAAAAAAAAAAAAAAAAAAAAA......................................
....................AAA....AAA..AAAAAAAAADAAAAAAAAAEAAAAAAAAABBBBBBBAAAAAAA......................................
.................................AAAAAAAADAAAAAAAAAEAAAAAAAAAAAAAAAAAAAA.........................................
..................................AAAAAAAAAAAAAAAAAAAAAAAAAAAAAAAAAAAA...........................................
...................................AAAAAAAAAAAAAAAAAAAAAAAAAAAAAAA...............................................
....................................AAAAAAAAAAAAAAAAAAAAAAAAAAAAA................................................
......................................AAA.....AAA....AAA...AAA...................................................
......................................AAA.....AAA....AAA...AAA...................................................
"
`;

exports[`PraisalManager.praiseSbc should succeed to praise random small steam blueprint (O.S.C. Aldebaran-Class Heavy Cruiser) 4`] = `
"..................A.A.A.A.A.A.A.A.A.A.....................................D......D.....D......D......D.....D.....
..........AAAAAAAAAAAAAAAAAAAAAAAAAAAAAA.................................DED....DED...DED....DED....DED...DED....
..........AAAAAAAAAAAAAAAAAAAAAAAAAAAAAAA............................FFFFFFFFFFFFFFFFFFFFFFFFFFFFFFFFFFFFFFFFFFFF
..........AAAAAAAAAAAAAAAAAAAAAAAAAAAAAAAAAA.....A.A....A.A..........BBBBBBBBBBBBBBBBBBBBBBBBBBBBBBBBBBBBBBBBBBBB
.....AAAAAAAAAAAAAAAAAAAAAAAAAAAAAAAAAAAAAAAAAAAAAAAAAAAAAAA................AAAAAAAAAAAAAAAAAAAAAA...............
....AAAAAAAAAAAAAAAAAAAAAAAAAAAAAAAAAAAAAAAAA....AAA....AAAAA..............AAAAAAAAAAAAAAAAAAAAAAAA..............
...AAAAAAAAAAAAAAAAAAAAAAAAAAAAAAAAAAAAAAAAAA....AAA....AAAAAA............AAAAAAAAAAAAAAAAAAAAAAAAAA.............
..AAAAAAAAAAAAAAAAAAAAAAAAAAAAAAAAAAAAAAAAAAAAAAAAAAAAA.AAA.AAA..........AAAAAAAAAAAAAAAAAAAAAAAAAAAA............
.AAAAAAAAABBBBBBBBBBBBBBBBBBABBBBBABABBAABBBBBBBBBBBBBBAAAAAAABAA..AAA..AABBBBBBBBBBBBBBBBBBBBBBBBBBBBBBBBBBBBAAA
AACAAAAAABAAAAAAAAAAAAAAAAAAAAAAAAAAAAAAAABBBBBBBBAAAAAAAAAAAAAAAAAAAAAAAAAAAAABBBBBBBBBBBAAAAAAAAAAAAAAAAAAAAAAC
AACAAAAAABAAABAAABAAAAAAAAAAAAAAAAAAAAAAAAAAAAAAAAAAAAAAAAAAAAAAAAAAAAAAAAAAAAAABABBBBBBBBBBBBBBAAAAAAAAAAAAAAAAA
AACAAAAAABAAABAAABAAABAAAABABBAAAAAAAAAAAABABBBBBBBBBBBBBBBBBBBBBBBBBBBBBBBBBBBBBABBBBBBBBBBBBBBAAAAAAAAAAAAAAAAA
AACAAAAAABAAABAAABAAAAAAAABBBAAAAAAAAAAAAABBAABAAAAADDDDDDBBBGBBBBAAAABFBBBBBBAABBBBBBBBBBBBBBAAAAAAAAAAAAAAAAAAA
AACAAAAAABAAAAAAAAAAAAAAAAAABBBAAAAAABBBBBAAAABAAAAADCCBABBABFBBBBBBBBBBBBBBBBAAAAAAAAABAAAAAAAAAAABAAAAAAAAAAAAA
AAAAAAAAABAAABAAABAAAAAAAAAABAAAAAAAAAAAAABBAABAAAABDDDDDDABBFBBBBBABBBFBBBBBBBBBBBBBBBBBBBBBBAAAAAAAAAAAAAAAAAAA
AAAAAAAAABAAABAAABAAABAAAAAAAAAAAAAAAAAAAABBBBBBBBBBBBBBBBBBBBBBBBBBBBBBBBBBBBBBBABBBBBBBBBBBBBAAAAAAAAAAAAAAAAAA
AAAAAAAAABAAABAAABAAAAAAAAAAAAAAAAAAAAAAAAAAAAAAAAAAAAAAAAAAAAAAAAAAAAAAAAAAAAAABABBBBBBBBBBBBBBAAAAAAAAAAAAAAAAA
AAAAAAAAABAAAAAAAAAAAAAAAAAAAAAAAAAAAAAAAABBBBBBABBBBBBAAAAAAAAAAAAAAAAAAAAAAAABBBBBBBBBBBAAAABBAAAAAAAAAAAAAAAAC
.AAAAAAAAABBBBBBBBBBBBBBBBBBABBBBBABABBAABBBBBBBBBBBBBBAAAAAAAAAA..AAA..AABBBBBBBBBBBBBBBBBBBBBBBBBBBBBBBBBBBBAAA
..AAAAAAAAAAAAAAAAAAAAAAAAAAAAAAAAAAAAAAAAAAAAAAAAAAAAA.AAA.AAA..........AAAAAAAAAAAAAAAAAAAAAAAAAAAA............
...AAAAAAAAAAAAAAAAAAAAAAAAAAAAAAAAAAAAAAAAAA....AAA....AAAAAA............AAAAAAAAAAAAAAAAAAAAAAAAAA.............
....AAAAAAAAAAAAAAAAAAAAAAAAAAAAAAAAAAAAAAAAA....AAA....AAAAA..............AAAAAAAAAAAAAAAAAAAAAAAA..............
.....AAAAAAAAAAAAAAAAAAAAAAAAAAAAAAAAAAAAAAAAAAAAAAAAAAAAAAA................AAAAAAAAAAAAAAAAAAAAAA...............
..........AAAAAAAAAAAAAAAAAAAAAAAAAAAAAAAAA......A.A....A.A..........BBBBBBBBBBBBBBBBBBBBBBBBBBBBBBBBBBBBBBBBBBBB
..........AAAAAAAAAAAAAAAAAAAAAAAAAAAAAAA............................FFFFFFFFFFFFFFFFFFFFFFFFFFFFFFFFFFFFFFFFFFFF
..........AAAAAAAAAAAAAAAAAAAAAAAAAAAAAA.................................DED....DED...DED....DED....DED...DED....
..................A.A.A.A.A.A.A.A.A.A.....................................D......D.....D......D......D.....D.....
"
`;

exports[`PraisalManager.praiseSbc should succeed to praise random small steam blueprint (PZK PCS - T340) 1`] = `
Object {
  "_revision": 0,
  "_version": 6,
  "blockCount": 1623,
  "blockCountTotal": 1624,
  "blockIntegrity": 717500,
  "blockMass": 152479,
  "blockPCU": 11176,
  "blockTime": 7947,
  "blockVolume": 288625,
  "blocks": Object {
    "<Vanilla Heavy Armor blocks>": 1223,
    "<Vanilla Interior Light blocks>": 7,
    "<Vanilla Light Armor blocks>": 97,
    "<Vanilla Text Panel blocks>": 48,
    "AirVent/SmallAirVent": 6,
    "BatteryBlock/SmallBlockBatteryBlock": 4,
    "Beacon/SmallBlockBeacon": 2,
    "ButtonPanel/ButtonPanelSmall": 2,
    "CameraBlock/SmallCameraBlock": 2,
    "CargoContainer/SmallBlockSmallContainer": 15,
    "Cockpit/SmallBlockCockpit": 1,
    "Conveyor/SmallBlockConveyor": 14,
    "ConveyorConnector/ConveyorTubeSmall": 19,
    "ConveyorSorter/SmallBlockConveyorSorter": 1,
    "CubeBlock/SmallArmorCenter": 12,
    "CubeBlock/SmallArmorInvCorner": 6,
    "CubeBlock/SmallArmorSide": 28,
    "ExtendedPistonBase/SmallPistonBase": 1,
    "Gyro/SmallBlockGyro": 4,
    "LargeGatlingTurret/SmallGatlingTurret": 1,
    "MotorRotor/SmallRotor": 6,
    "MotorStator/SmallStator": 4,
    "MotorSuspension/SmallSuspension3x3": 24,
    "MyProgrammableBlock/SmallProgrammableBlock": 8,
    "OreDetector/SmallBlockOreDetector": 1,
    "PistonTop/SmallPistonTop": 9,
    "RadioAntenna/SmallBlockRadioAntenna": 1,
    "Reactor/SmallBlockSmallGenerator": 8,
    "ReflectorLight/SmallBlockFrontLight": 2,
    "RemoteControl/SmallBlockRemoteControl": 2,
    "SensorBlock/SmallBlockSensor": 3,
    "ShipConnector/ConnectorSmall": 7,
    "SmallGatlingGun/": 5,
    "SmallMissileLauncher/": 1,
    "TerminalBlock/SmallControlPanel": 1,
    "Thrust/SmallBlockSmallHydrogenThrust": 6,
    "TimerBlock/TimerBlockSmall": 8,
    "Wheel/SmallRealWheel": 24,
    "Wheel/SmallWheel1x1": 9,
    "Wheel/SmallWheel3x3": 1,
  },
  "componentCount": 10354,
  "componentMass": 152479,
  "componentTime": 13086,
  "componentVolume": 60693,
  "components": Object {
    "BulletproofGlass": 60,
    "Computer": 419,
    "Construction": 1188,
    "Detector": 19,
    "Display": 129,
    "InteriorPlate": 192,
    "LargeTube": 98,
    "MetalGrid": 1823,
    "Motor": 137,
    "PowerCell": 80,
    "RadioCommunication": 24,
    "Reactor": 24,
    "SmallTube": 150,
    "SteelPlate": 6011,
  },
  "flagsGreen": Array [],
  "flagsRed": Array [],
  "flagsYellow": Array [],
  "gridCount": 29,
  "gridSize": "Small",
  "gridStatic": false,
  "gridTitle": "PZK PCS - T340",
  "groupControl": Object {
    "blockCount": 31,
    "blockMass": 3279,
    "blockPCU": 1565,
    "oreVolume": 2103,
  },
  "groupLifeSupport": Object {
    "blockCount": 63,
    "blockMass": 4676,
    "blockPCU": 2685,
    "oreVolume": 2475,
  },
  "groupMechanical": Object {
    "blockCount": 40,
    "blockMass": 4373,
    "blockPCU": 745,
    "oreVolume": 2535,
  },
  "groupMobility": Object {
    "blockCount": 51,
    "blockMass": 11962,
    "blockPCU": 2015,
    "oreVolume": 6963,
  },
  "groupOther": Object {
    "blockCount": 29,
    "blockMass": 6693,
    "blockPCU": 1600,
    "oreVolume": 3881,
  },
  "groupPower": Object {
    "blockCount": 12,
    "blockMass": 6386,
    "blockPCU": 260,
    "oreVolume": 16249,
  },
  "groupProduction": Object {
    "blockCount": 0,
    "blockMass": 0,
    "blockPCU": 0,
    "oreVolume": 0,
  },
  "groupStructure": Object {
    "blockCount": 1395,
    "blockMass": 114292,
    "blockPCU": 1656,
    "oreVolume": 83482,
  },
  "groupWeapons": Object {
    "blockCount": 2,
    "blockMass": 818,
    "blockPCU": 650,
    "oreVolume": 538,
  },
  "height": 5.5,
  "ingotCount": 184450,
  "ingotMass": 184450,
  "ingotTime": 37449,
  "ingotVolume": 23826,
  "ingots": Object {
    "Cobalt": 5469,
    "Iron": 166403,
    "Nickel": 10245,
    "Silicon": 1733,
    "Silver": 120,
    "Stone": 480,
  },
  "integrityPlanes": Object {
    "front": Any<Array>,
    "maxValue": 17567,
    "rotated": false,
    "side": Any<Array>,
    "top": Any<Array>,
  },
  "length": 14,
  "missingDefinitions": Object {
    "blocks": Object {
      "Projector/SmallProjector": 1,
    },
    "components": Object {},
    "ingots": Object {},
    "ores": Object {},
  },
  "oreCount": 319524,
  "oreMass": 319524,
  "oreVolume": 118224,
  "ores": Object {
    "Cobalt": 18230,
    "Iron": 237719,
    "Nickel": 25613,
    "Silicon": 2476,
    "Silver": 1200,
    "Stone": 34286,
  },
  "orientation": Orientation {
    "Forward": "Forward",
    "Up": "Up",
  },
  "thrustAtmospheric": Object {},
  "thrustHydrogen": Object {
    "Down": 590400,
  },
  "thrustIon": Object {},
  "vanilla": false,
  "width": 7.5,
}
`;

exports[`PraisalManager.praiseSbc should succeed to praise random small steam blueprint (PZK PCS - T340) 2`] = `
"....AAAAAAA....
.AAAAAAAAAAAAA.
AAAAAAAAAAAAAAA
AAAAAAAAAAAAAAA
AAAAAAAAAAAAAAA
A..AAAAAAAAA..A
.AAAAAAAAAAA...
..AAAAAAAAA....
.....AAAA......
.....AAA.......
......A........
"
`;

exports[`PraisalManager.praiseSbc should succeed to praise random small steam blueprint (PZK PCS - T340) 3`] = `
"......AAAAAAAAAAA..A........
.AAAAAAAAAAAAAAAAAAAAAA.....
.AAAAAAAAAAAAAAAAAAAAAAAAAA.
AAAAAAAAAAAAAAAAAAAAAAAAAAAA
AAAAAAAAAAAAAAAAAAAAAAAAAAAA
..AAAAAAAAAAAAAAAAAAAAAAAA..
....AAAAAAAAAAAAAAAAAAAA....
..........AAAAAAAAAAA.......
.......AAAAAAAAAAA..........
..........A...AAA...........
...............A............
"
`;

exports[`PraisalManager.praiseSbc should succeed to praise random small steam blueprint (PZK PCS - T340) 4`] = `
".AAAAAAAAAAAAAAAAAAAAAAAAAA.
AAAAAAAAAAAAAAAAAAAAAAAAAAAA
AAAAAAAAAAAAAAAAAAAAAAAAAAAA
AAAAAAAAAAAAAAAAAAAAAAAAAAAA
.AAAAAAAAAAAAAAAAAAAAAAAAAA.
.AAAAAAAAAAAAAAAAAAAAAAAAAA.
.AAAAAAAAAAAAAAAAAAAAAAAAAA.
.AAAAAAAAAAAAAAAAAAAAAAAAAA.
.AAAAAAAAAAAAAAAAAAAAAAAAAA.
.AAAAAAAAAAAAAAAAAAAAAAAAAA.
.AAAAAAAAAAAAAAAAAAAAAAAAAA.
AAAAAAAAAAAAAAAAAAAAAAAAAAAA
AAAAAAAAAAAAAAAAAAAAAAAAAAAA
AAAAAAAAAAAAAAAAAAAAAAAAAAAA
.AAAAAAAAAAAAAAAAAAAAAAAAAA.
"
`;

exports[`PraisalManager.praiseSbc should succeed to praise random small steam blueprint (Wyvern - Atmospheric Survival Ship) 1`] = `
Object {
  "_revision": 0,
  "_version": 6,
  "blockCount": 440,
  "blockCountTotal": 440,
  "blockIntegrity": 1416513,
  "blockMass": 384864,
  "blockPCU": 2858,
  "blockTime": 4441,
  "blockVolume": 9796875,
  "blocks": Object {
    "<Vanilla Heavy Armor blocks>": 2,
    "<Vanilla Interior Light blocks>": 16,
    "<Vanilla Light Armor blocks>": 246,
    "<Vanilla Text Panel blocks>": 2,
    "<Vanilla Window blocks>": 60,
    "AirVent/": 2,
    "AirtightSlideDoor/LargeBlockSlideDoor": 2,
    "Assembler/LargeAssembler": 1,
    "BatteryBlock/LargeBlockBatteryBlock": 3,
    "CargoContainer/LargeBlockSmallContainer": 10,
    "Cockpit/CockpitOpen": 2,
    "Collector/Collector": 1,
    "Conveyor/LargeBlockConveyor": 9,
    "ConveyorConnector/ConveyorTube": 2,
    "CryoChamber/LargeBlockCryoChamber": 1,
    "CubeBlock/LargeInteriorPillar": 10,
    "CubeBlock/LargeSteelCatwalk": 4,
    "CubeBlock/LargeSteelCatwalkPlate": 25,
    "Gyro/LargeBlockGyro": 2,
    "InteriorTurret/LargeInteriorTurret": 3,
    "MedicalRoom/LargeMedicalRoom": 1,
    "OxygenGenerator/": 1,
    "OxygenTank/": 1,
    "RadioAntenna/LargeBlockRadioAntenna": 1,
    "Reactor/LargeBlockSmallGenerator": 2,
    "Refinery/LargeRefinery": 1,
    "ShipConnector/Connector": 1,
    "Thrust/LargeBlockLargeAtmosphericThrust": 2,
    "Thrust/LargeBlockSmallAtmosphericThrust": 18,
    "UpgradeModule/LargeEffectivenessModule": 4,
    "UpgradeModule/LargeProductivityModule": 2,
    "Wheel/Wheel1x1": 3,
  },
  "componentCount": 25140,
  "componentMass": 384864,
  "componentTime": 37879,
  "componentVolume": 138033,
  "components": Object {
    "BulletproofGlass": 1216,
    "Computer": 793,
    "Construction": 3582,
    "Display": 82,
    "Girder": 428,
    "InteriorPlate": 2298,
    "LargeTube": 387,
    "Medical": 18,
    "MetalGrid": 598,
    "Motor": 4432,
    "PowerCell": 240,
    "RadioCommunication": 40,
    "Reactor": 200,
    "SmallTube": 1380,
    "SteelPlate": 9366,
    "Superconductor": 80,
  },
  "flagsGreen": Array [],
  "flagsRed": Array [],
  "flagsYellow": Array [],
  "gridCount": 1,
  "gridSize": "Large",
  "gridStatic": false,
  "gridTitle": "Wyvern - Atmospheric Survival Ship",
  "groupControl": Object {
    "blockCount": 3,
    "blockMass": 4042,
    "blockPCU": 200,
    "oreVolume": 2394,
  },
  "groupLifeSupport": Object {
    "blockCount": 25,
    "blockMass": 14216,
    "blockPCU": 820,
    "oreVolume": 10180,
  },
  "groupMechanical": Object {
    "blockCount": 3,
    "blockMass": 2362,
    "blockPCU": 45,
    "oreVolume": 1340,
  },
  "groupMobility": Object {
    "blockCount": 26,
    "blockMass": 168398,
    "blockPCU": 600,
    "oreVolume": 105699,
  },
  "groupOther": Object {
    "blockCount": 0,
    "blockMass": 0,
    "blockPCU": 0,
    "oreVolume": 0,
  },
  "groupPower": Object {
    "blockCount": 5,
    "blockMass": 21121,
    "blockPCU": 95,
    "oreVolume": 118598,
  },
  "groupProduction": Object {
    "blockCount": 9,
    "blockMass": 48447,
    "blockPCU": 186,
    "oreVolume": 33092,
  },
  "groupStructure": Object {
    "blockCount": 366,
    "blockMass": 125345,
    "blockPCU": 537,
    "oreVolume": 70830,
  },
  "groupWeapons": Object {
    "blockCount": 3,
    "blockMass": 933,
    "blockPCU": 375,
    "oreVolume": 520,
  },
  "height": 15,
  "ingotCount": 410502,
  "ingotMass": 410502,
  "ingotTime": 93867,
  "ingotVolume": 58385,
  "ingots": Object {
    "Cobalt": 1794,
    "Gold": 160,
    "Iron": 357209,
    "Nickel": 26890,
    "Silicon": 19089,
    "Silver": 1360,
    "Stone": 4000,
  },
  "integrityPlanes": Object {
    "front": Any<Array>,
    "maxValue": 199888,
    "rotated": false,
    "side": Any<Array>,
    "top": Any<Array>,
  },
  "length": 60,
  "missingDefinitions": Object {
    "blocks": Object {},
    "components": Object {},
    "ingots": Object {},
    "ores": Object {},
  },
  "oreCount": 926088,
  "oreMass": 926088,
  "oreVolume": 342653,
  "ores": Object {
    "Cobalt": 5980,
    "Gold": 16000,
    "Iron": 510299,
    "Nickel": 67225,
    "Silicon": 27270,
    "Silver": 13600,
    "Stone": 285714,
  },
  "orientation": Orientation {
    "Forward": "Forward",
    "Up": "Up",
  },
  "thrustAtmospheric": Object {
    "Backward": 3888000,
    "Forward": 5184000,
    "Left": 1296000,
    "Right": 1296000,
    "Up": 12960000,
  },
  "thrustHydrogen": Object {},
  "thrustIon": Object {},
  "vanilla": true,
  "width": 35,
}
`;

exports[`PraisalManager.praiseSbc should succeed to praise random small steam blueprint (Wyvern - Atmospheric Survival Ship) 2`] = `
"...AAAAAAAA...
AAAABBBBBBAAAA
AAABBBCCBBBAAA
AAAABBBBBBAAAA
.AAAAAAAAAAAA.
.AAA..AA..AAA.
"
`;

exports[`PraisalManager.praiseSbc should succeed to praise random small steam blueprint (Wyvern - Atmospheric Survival Ship) 3`] = `
"......AAAAAA..AA.AAAA...
..AAAAAAAAABBBAAAAAAAAA.
AAAAAABBBBEBBBAAAAAAAAAA
...AAABBAABBAAAAAAAAAAAA
....AAAAAAAAAAAA.AAA.A..
........A.........AAA...
"
`;

exports[`PraisalManager.praiseSbc should succeed to praise random small steam blueprint (Wyvern - Atmospheric Survival Ship) 4`] = `
"..........AAAAAAAA.A....
............AAAAAAAA....
............AAAAAAAAAA..
......A...AAAAAAAAAAA...
...AAAAAAAAABAAAAAA.A...
.AAAAAAAAAAAAAAAAAA.A...
AAAAAAAAAAAAABAAAAAAAAAA
AAAAAAAAAAAAABAAAAAAAAAA
.AAAAAAAAAAAAAAAAAA.A...
...AAAAAAAAAAAAAAAA.A...
......A...AAAAAAAAAAA...
............AAAAAAAAAA..
............AAAAAAAA....
..........AAAAAAAA.A....
"
`;
